07-15 13:34:03.908  2971  3587 I AppsFilter: interaction: PackageSetting{ad998ba com.example.soma_ai_new/10994} -> PackageSetting{c73516b com.google.android.apps.googleassistant/10310} BLOCKED
07-15 13:34:03.940  2971  3587 I AppsFilter: interaction: PackageSetting{ad998ba com.example.soma_ai_new/10994} -> PackageSetting{b4dead3 com.google.android.apps.maps/10242} BLOCKED
07-15 13:34:03.959  2971  3587 I AppsFilter: interaction: PackageSetting{ad998ba com.example.soma_ai_new/10994} -> PackageSetting{9dab9d2 com.google.android.apps.walletnfcrel/10404} BLOCKED
07-15 13:34:03.975  2971  3587 I AppsFilter: interaction: PackageSetting{ad998ba com.example.soma_ai_new/10994} -> PackageSetting{f2b8dce com.google.earth/10494} BLOCKED
07-15 13:40:46.053  5342 10308 I HoneySpace.SuggestAppDecor: getInstaller: com.example.soma_ai_new [null]
07-15 13:51:17.653  2971  4985 I PackageManager: pkg{com.example.soma_ai_new}, user{0}, caller{2000} flags{2}
07-15 13:51:17.676  2971  3529 I ActivityManager: Force stopping com.example.soma_ai_new appid=10994 user=-1: deletePackageX
07-15 13:51:17.676  2971  3529 I WindowManager:   Force removing ActivityRecord{1b91ba2 u0 com.example.soma_ai_new/.MainActivity t27521}
07-15 13:51:17.679  2108  4485 I SurfaceFlinger: id=239918 Removed f874f84 ActivityRecordInputSink com.example.soma_ai_new/.MainActivity#239918 (179)
07-15 13:51:17.684  2971  3529 I WindowManager:   Force removing ActivityRecord{771a4a1 u95 com.example.soma_ai_new/.MainActivity t27522}
07-15 13:51:17.685  2108  4485 I SurfaceFlinger: id=240051 Removed 43daab ActivityRecordInputSink com.example.soma_ai_new/.MainActivity#240051 (180)
07-15 13:51:17.716  2108  2108 I SurfaceFlinger: [LayerHierarchy{RequestedLayerState{ActivityRecord{771a4a1 u95 com.example.soma_ai_new/.MainActivity t27522}#240044} 1 children}] reparent to OffscreenRoot
07-15 13:51:17.716  2108  2108 I SurfaceFlinger: [LayerHierarchy{RequestedLayerState{ActivityRecord{771a4a1 u95 com.example.soma_ai_new/.MainActivity t27522}#240044} 1 children}] RelativeParent to null
07-15 13:51:17.716  2108  2108 I SurfaceFlinger: [LayerHierarchy{RequestedLayerState{ActivityRecord{1b91ba2 u0 com.example.soma_ai_new/.MainActivity t27521}#239912} 1 children}] reparent to OffscreenRoot
07-15 13:51:17.716  2108  2108 I SurfaceFlinger: [LayerHierarchy{RequestedLayerState{ActivityRecord{1b91ba2 u0 com.example.soma_ai_new/.MainActivity t27521}#239912} 1 children}] RelativeParent to null
07-15 13:51:17.717  2108  2108 I SurfaceFlinger: id=240044 Removed ActivityRecord{771a4a1 u95 com.example.soma_ai_new/.MainActivity t27522}#240044 (181)
07-15 13:51:17.718  2108  2108 I SurfaceFlinger: id=239912 Removed ActivityRecord{1b91ba2 u0 com.example.soma_ai_new/.MainActivity t27521}#239912 (181)
07-15 13:51:17.732  2108  2108 I SurfaceFlinger: destroyed ActivityRecord{771a4a1 u95 com.example.soma_ai_new/.MainActivity t27522}#240044
07-15 13:51:17.732  2108  2108 I SurfaceFlinger: destroyed 43daab ActivityRecordInputSink com.example.soma_ai_new/.MainActivity#240051
07-15 13:51:17.732  2108  2108 I SurfaceFlinger: destroyed ActivityRecord{1b91ba2 u0 com.example.soma_ai_new/.MainActivity t27521}#239912
07-15 13:51:17.732  2108  2108 I SurfaceFlinger: destroyed f874f84 ActivityRecordInputSink com.example.soma_ai_new/.MainActivity#239918
07-15 13:51:17.733  2108  2108 I Layer   : id=240051 Destroyed 43daab ActivityRecordInputSink com.example.soma_ai_new/.MainActivity#240051
07-15 13:51:17.733  2108  2108 I Layer   : id=239918 Destroyed f874f84 ActivityRecordInputSink com.example.soma_ai_new/.MainActivity#239918
07-15 13:51:17.734  2108  2108 I Layer   : id=239912 Destroyed ActivityRecord{1b91ba2 u0 com.example.soma_ai_new/.MainActivity t27521}#239912
07-15 13:51:17.734  2108  2108 I Layer   : id=240044 Destroyed ActivityRecord{771a4a1 u95 com.example.soma_ai_new/.MainActivity t27522}#240044
07-15 13:51:18.068  2971  3624 D PackageManager: isLocaleOptimizedPackage() -  Non optimized app: com.example.soma_ai_new. Proceed with normal install
07-15 13:51:18.102  2971  3624 D AASA_PackageManager_RESTRICTED: Uninstall : userId = 0, info.uid = 10994, packageName = com.example.soma_ai_new
07-15 13:51:18.111  2971  3624 I ActivityManager: Force stopping com.example.soma_ai_new appid=10994 user=95: pkg removed
07-15 13:51:18.115  2971  3624 I ActivityManager: Force stopping com.example.soma_ai_new appid=10994 user=0: pkg removed
07-15 13:51:18.144  2971  4714 D ShortcutService: removing package: com.example.soma_ai_new userId95
07-15 13:51:18.144  2971  4672 D AS.AudioService: com.example.soma_ai_new(9510994) is removed
07-15 13:51:18.153  2971  4714 D ShortcutService: removing package: com.example.soma_ai_new userId0
07-15 13:51:18.159  2971  4633 W WifiService: Couldn't get PackageInfo for package:com.example.soma_ai_new
07-15 13:51:18.159  2971  4633 D WifiService: Remove settings for package:com.example.soma_ai_new
07-15 13:51:18.160  2971  2971 I DomainFilter: packageRemoved() - packageName: com.example.soma_ai_new uid: 95
07-15 13:51:18.160  2971  4672 D SGM:GameManager: identifyGamePackage. com.example.soma_ai_new, mCurrentUserId: 0, callerUserId: 0, callingMethodInfo: com.samsung.android.game.SemGameManager.isGamePackage(SemGameManager.java:105)
07-15 13:51:18.160  2971  4672 D SGM:SemGameManager: isGamePackage(), pkgName=com.example.soma_ai_new, ret=false
07-15 13:51:18.160  2971  4672 D AS.AudioService: com.example.soma_ai_new(10994) is removed
07-15 13:51:18.160  2971  4633 D WifiConfigManager: Remove all networks for app ApplicationInfo{34cca45 com.example.soma_ai_new}
07-15 13:51:18.160  5579  5708 I PackageInfoManager_FLP: action : ACTION_PACKAGE_REMOVED, packageName = com.example.soma_ai_new
07-15 13:51:18.161  2971  4672 D SGM:GameManager: identifyGamePackage. com.example.soma_ai_new, mCurrentUserId: 0, callerUserId: 0, callingMethodInfo: com.samsung.android.game.SemGameManager.isGamePackage(SemGameManager.java:105)
07-15 13:51:18.161  2971  4672 D SGM:SemGameManager: isGamePackage(), pkgName=com.example.soma_ai_new, ret=false
07-15 13:51:18.162  5125  5125 D CarrierSvcBindHelper: onPackageRemoved: com.example.soma_ai_new
07-15 13:51:18.169  2971  4372 D UsageStatsService: onPackageRemoved com.example.soma_ai_new
07-15 13:51:18.170  2971  4450 V StorageManagerService: Package com.example.soma_ai_new does not have legacy storage
07-15 13:51:18.171  2971  4450 V StorageManagerService: Package com.example.soma_ai_new does not have legacy storage
07-15 13:51:18.172  2971  4633 I PasspointManager: No app ops listener found for com.example.soma_ai_new
07-15 13:51:18.174  5125  5125 D CarrierSvcBindHelper: onPackageRemoved: com.example.soma_ai_new
07-15 13:51:18.179  2971  4361 D OverlayManager: onPackageRemoved: pkgName = [com.example.soma_ai_new], userId = [95], packageHidden = [false]
07-15 13:51:18.179  2971  4361 I OverlayManager: updateOverlaysForTarget() called with: targetPackage = [com.example.soma_ai_new], userId = [95], flags = [0]
07-15 13:51:18.180  2971  4361 D OverlayManager: onPackageRemoved: pkgName = [com.example.soma_ai_new], userId = [0], packageHidden = [false]
07-15 13:51:18.180  2971  4361 I OverlayManager: updateOverlaysForTarget() called with: targetPackage = [com.example.soma_ai_new], userId = [0], flags = [0]
07-15 13:51:18.192  8048  8048 W MediaProvider: WorkProfileOwnerApps cache miss for package com.example.soma_ai_new
07-15 13:51:18.206  2971  4372 D UsageStatsService: onPackageRemoved com.example.soma_ai_new
07-15 13:51:18.219  5125  5125 I VvmPkgInstalledRcvr: packageName: com.example.soma_ai_new, systemDialer: com.samsung.android.dialer
07-15 13:51:18.333  2971  3523 I SGM:GameManager: PkgUpdateReceiver, onPackageRemoved(). pkgName=com.example.soma_ai_new, userId=95
07-15 13:51:18.333  2971  3523 W SGM:Util: isPkgInstalled(), com.example.soma_ai_new does not exist. 
07-15 13:51:18.333  2971  3523 D SGM:Util: isPkgInstalled(). pkgName=com.example.soma_ai_new, userId=95, installed=false
07-15 13:51:18.333  2971  3523 D SGM:GosNotifyThread: sendPackageMessage(), changeType=1, pkgName=com.example.soma_ai_new, userHandleId=95
07-15 13:51:18.344  2971  3523 D MetaDataCollector: onReceive: done pkgName=com.example.soma_ai_new
07-15 13:51:18.491  2971  2971 I DomainFilter: packageRemoved() - packageName: com.example.soma_ai_new uid: 0
07-15 13:51:18.504  2971  4663 D LocationManagerService: package com.example.soma_ai_new reset
07-15 13:51:18.505  2971  2971 I Telecom : CarModeTracker: Package com.example.soma_ai_new is not tracked.: SSH.oR@oM4
07-15 13:51:18.506  2971  4884 I Pageboost: remove app @ runtime : com.example.soma_ai_new
07-15 13:51:18.521  2971  2971 I ConditionProviders: Disallowing condition provider com.example.soma_ai_new (userSet: true)
07-15 13:51:18.635  2971  2971 I ConditionProviders: Disallowing condition provider com.example.soma_ai_new (userSet: true)
07-15 13:51:18.643  2971  2971 D EnterpriseLicenseService: isPackageInstalled() - com.example.soma_ai_new not found in user 0
07-15 13:51:18.643  2971  2971 D EnterpriseLicenseService: isPackageInstalled() - com.example.soma_ai_new not found in user 95
07-15 13:51:18.643  2971  2971 D EnterpriseLicenseService: isPackageInstalled() - com.example.soma_ai_new not found in user 150
07-15 13:51:18.648  2971  4375 I RollbackManager: broadcast=ACTION_PACKAGE_FULLY_REMOVED pkg=com.example.soma_ai_new
07-15 13:51:18.649  4883  4883 D KeyguardShortcutManager: onReceive : Intent.EXTRA_REPLACING false, com.example.soma_ai_new
07-15 13:51:18.650  4883  4883 D Navbar.Store: handleEvent(0) OnPackageRemoved(packageName=com.example.soma_ai_new) [Module] NavBarStoreImpl
07-15 13:51:18.653  2971  4375 I RollbackManager: broadcast=ACTION_PACKAGE_FULLY_REMOVED pkg=com.example.soma_ai_new
07-15 13:51:18.654  2971  4633 W WifiService: Couldn't get PackageInfo for package:com.example.soma_ai_new
07-15 13:51:18.654  2971  4633 D WifiService: Remove settings for package:com.example.soma_ai_new
07-15 13:51:18.654  2971  4633 D WifiConfigManager: Remove all networks for app ApplicationInfo{cf0c578 com.example.soma_ai_new}
07-15 13:51:18.655  2971  4633 I PasspointManager: No app ops listener found for com.example.soma_ai_new
07-15 13:51:18.655  2971  4400 D SEP_UNION_SemDeviceInfoManagerService: Package com.example.soma_ai_new is removed on User 95 
07-15 13:51:18.655  2971  4400 D SEP_UNION_SemDeviceInfoManagerService: Package com.example.soma_ai_new is removed on User 0 
07-15 13:51:18.656  4883  4883 D SecSTQuickControlRequestReceiver: onReceiveForPackage action = android.intent.action.PACKAGE_REMOVED, pkgName = com.example.soma_ai_new
07-15 13:51:18.656  4883  4883 I GoodLockLifecycle: onPackageRemoved: com.example.soma_ai_new
07-15 13:51:18.656  4883  4883 D FaceWidgetMusicViewModel: onPackageRemoved() pkg = com.example.soma_ai_new, r = false
07-15 13:51:18.665 24909 24909 I FILP/PackageIntentReceiver: pkgName : com.example.soma_ai_new
07-15 13:51:18.672 24909 24969 I FILP/FilterInstaller: removeFromFS : com.example.soma_ai_new, cursor size : 0
07-15 13:51:18.678  8169  8416 W DMASA[S]: [LOGWING][b]Get package version failed : com.example.soma_ai_new
07-15 13:51:18.681  2971  2971 D EnterpriseLicenseService: isPackageInstalled() - com.example.soma_ai_new not found in user 0
07-15 13:51:18.681  2971  2971 D EnterpriseLicenseService: isPackageInstalled() - com.example.soma_ai_new not found in user 95
07-15 13:51:18.681  2971  2971 D EnterpriseLicenseService: isPackageInstalled() - com.example.soma_ai_new not found in user 150
07-15 13:51:18.683 24909 24969 I FILP/FilterInstaller: Delete all filter DB result : com.example.soma_ai_new, 0
07-15 13:51:18.683 24909 24969 I FILP/FilterInstaller: Delete filter DB result : com.example.soma_ai_new, 0
07-15 13:51:18.683 24909 24969 I FILP/FilterInstaller: Delete my filter DB result : com.example.soma_ai_new, 0
07-15 13:51:18.684 24909 24969 I FILP/FilterInstaller: uninstallFilters mPackageName: com.example.soma_ai_new
07-15 13:51:18.696  2971 24980 I Telecom : SamsungTelecomServiceImpl : clearAccounts - packageName : com.example.soma_ai_new / callingPid : 2971 / processName : sts / callingUser : UserHandle{0}
07-15 13:51:18.726 18419 24974 I ProximityAuth: [RecentAppsMediator] Package removed: (user=UserHandle{95}) com.example.soma_ai_new
07-15 13:51:18.728  5477  5477 I Finsky  : [2] AIM: AppInfoCacheUpdater -> invalidating apps: [com.example.soma_ai_new]
07-15 13:51:18.733 17428 17428 D PersistedStoragePackageUninstalledReceiver: Received android.intent.action.PACKAGE_FULLY_REMOVED for com.example.soma_ai_new for u0
07-15 13:51:18.761  5477  5593 I Finsky  : [53711] AIM: AppInfoManager-Perf > OnDeviceAppInfo > cacheHitCount=0, cacheMissCount=1. Missed  in cache (limit 10) : [com.example.soma_ai_new]
07-15 13:51:18.771  4441  4441 I Finsky:background: [2] Package no longer installed: com.example.soma_ai_new
07-15 13:51:18.794  4441  4441 I Finsky:background: [2] Package no longer installed: com.example.soma_ai_new
07-15 13:51:18.796  4441  4441 I Finsky:background: [2] IQ: onPackageRemoved com.example.soma_ai_new, replacing=false, uninstallingFromPlay=false
07-15 13:51:18.796  9293 24985 I ProximityAuth: [RecentAppsMediator] Package removed: (user=UserHandle{0}) com.example.soma_ai_new
07-15 13:51:18.836  9355 28679 I Icing   : doRemovePackageData com.example.soma_ai_new
07-15 13:51:18.865 20511 20511 I SCS@AiSearch user 0: (PackageBroadcastReceiver) packageName: com.example.soma_ai_new
07-15 13:51:18.865 20511 20511 I SCS@AiSearch user 0: (PackageBroadcastReceiver) Packages changed: com.example.soma_ai_new
07-15 13:51:18.875  9355 25002 W SQLiteLog: (28) double-quoted string literal: "com.example.soma_ai_new"
07-15 13:51:18.875 20511 20511 I SCS@AiSearch user 0: (PackageBroadcastReceiver) packageName: com.example.soma_ai_new
07-15 13:51:18.875 20511 20511 I SCS@AiSearch user 0: (PackageBroadcastReceiver) Packages changed: com.example.soma_ai_new
07-15 13:51:18.889 24986 25050 I ENTM:Systemprocess: handlePackageRemoved().pkgName: com.example.soma_ai_new
07-15 13:51:18.889 24986 25050 I ENTM:Systemprocess: checkELMActivationForPackageRemoved().START - com.example.soma_ai_new
07-15 13:51:18.901  4441  4441 I Finsky:background: [2] Package no longer installed: com.example.soma_ai_new
07-15 13:51:18.911 24986 25050 I ENTM:Systemprocess: checkKLMActivationForPackageRemoved().START - com.example.soma_ai_new
07-15 13:51:18.963 24986 25050 I ENTM:DataBaseUtils: isSameTrackerIdInDeviceDB().START: com.example.soma_ai_new
07-15 13:51:18.983  5477 25063 I Finsky  : [54430] Asset module storage cleared for package com.example.soma_ai_new.
07-15 13:51:19.018  5477  5477 W Finsky  : [2] STU: Failed to get storage stats for package 'com.example.soma_ai_new' (1601: Error getting stats: android.content.pm.PackageManager.NameNotFoundException)
07-15 13:51:19.070 24986 25050 I ENTM:Systemprocess: handlePackageRemoved().pkgName: com.example.soma_ai_new
07-15 13:51:19.070 24986 25050 I ENTM:Systemprocess: checkELMActivationForPackageRemoved().START - com.example.soma_ai_new
07-15 13:51:19.070 24986 25050 I ENTM:Systemprocess: checkKLMActivationForPackageRemoved().START - com.example.soma_ai_new
07-15 13:51:19.071 24986 25050 I ENTM:DataBaseUtils: isSameTrackerIdInDeviceDB().START: com.example.soma_ai_new
07-15 13:51:19.191  8048  8880 D MediaProvider: Deleted 0 Android/media items belonging to com.example.soma_ai_new on /data/user/0/com.google.android.providers.media.module/databases/external.db
07-15 13:51:19.232 19711 21894 E WorkSourceUtil: Could not find package: com.example.soma_ai_new
07-15 13:51:19.237 19711 25085 I Icing   : doRemovePackageData com.example.soma_ai_new
07-15 13:51:19.269 13901 13965 I Rubin   : [56027] com.samsung.android.rubin.upload.util.runestonelog.RunestoneLogUtil.getAppVersion(Unknown Source) : com.example.soma_ai_new is not exist
07-15 13:51:19.298 19711 24967 W SQLiteLog: (28) double-quoted string literal: "com.example.soma_ai_new"
07-15 13:51:19.303  8048  8880 I FuseDaemon: Successfully deleted rows in leveldb for owner_id:  and ownerPackageIdentifier: com.example.soma_ai_new::0
07-15 13:51:19.306  8048  8880 D MediaGrants: Removed 0 media_grants for 0 user for [com.example.soma_ai_new]. Reason: Package orphaned
07-15 13:51:19.588  2971  5279 I Telecom : SamsungTelecomServiceImpl : clearAccounts - packageName : com.example.soma_ai_new / callingPid : 25132 / processName : sts / callingUser : UserHandle{95}
07-15 13:51:19.657  4883 11583 I TileConfigurationStore: updatePackageDataChange : com.example.soma_ai_new, type = 2, tileType = 1
07-15 13:51:19.665  4883 11583 I TileConfigurationStore: updatePackageDataChange : Complication Tile com.example.soma_ai_new, type = 2
07-15 13:51:19.665  4883 11583 I AppWidgetDataProvider:  updatePackageChangeData type  1 , pack type 2  ,  pkg com.example.soma_ai_new
07-15 13:51:19.776 25151 25151 D PersistedStoragePackageUninstalledReceiver: Received android.intent.action.PACKAGE_FULLY_REMOVED for com.example.soma_ai_new for u95
07-15 13:51:19.939 25163 25184 I LockContentProvider: before profileData Id : 0, removePkg:com.example.soma_ai_new, enabledWidgetIdList:{}
07-15 13:51:20.128  2971  3523 I SGM:GameManager: PkgUpdateReceiver, onPackageRemoved(). pkgName=com.example.soma_ai_new, userId=0
07-15 13:51:20.129  2971  3523 W SGM:Util: isPkgInstalled(), com.example.soma_ai_new does not exist. 
07-15 13:51:20.129  2971  3523 D SGM:Util: isPkgInstalled(). pkgName=com.example.soma_ai_new, userId=0, installed=false
07-15 13:51:20.129  2971  3523 D SGM:GosNotifyThread: sendPackageMessage(), changeType=1, pkgName=com.example.soma_ai_new, userHandleId=0
07-15 13:51:20.333 25253 25253 I DWBh    : onPackageDeleted : com.example.soma_ai_new
07-15 13:51:20.429 25253 25308 I DWBa    : couldn't find com.example.soma_ai_new
07-15 13:51:20.826  2971  3523 D MetaDataCollector: onReceive: done pkgName=com.example.soma_ai_new
07-15 13:51:21.676  2971  3523 I SettingsProvider: onPackageRemoved (userId 95) PackageName = com.example.soma_ai_new
07-15 13:51:21.693  2971  3523 I CredentialManager: updateProvidersWhenPackageRemoved)pkg=com.example.soma_ai_new (95)
07-15 13:51:21.926  2971  3523 I SettingsProvider: onPackageRemoved (userId 0) PackageName = com.example.soma_ai_new
07-15 13:51:21.932  2971  3523 I CredentialManager: updateProvidersWhenPackageRemoved)pkg=com.example.soma_ai_new (0)
07-15 13:51:21.958  2971  3523 D LauncherAppsService: Calling onPackageRemoved: com.example.soma_ai_new, EXTRA_REPLACING: false
07-15 13:51:21.958  2971  3523 D LauncherAppsService: Calling onPackageRemoved: com.example.soma_ai_new, listener: com.android.systemui(UserHandle{0}, 4883)
07-15 13:51:21.958  2971  3523 D LauncherAppsService: Calling onPackageRemoved: com.example.soma_ai_new, listener: com.google.android.as(UserHandle{0}, 20525)
07-15 13:51:21.958  2971  3523 D LauncherAppsService: Calling onPackageRemoved: com.example.soma_ai_new, listener: com.sec.android.app.launcher(UserHandle{0}, 5342)
07-15 13:51:21.958  4883  6525 D LauncherApps: onPackageRemoved 95,com.example.soma_ai_new
07-15 13:51:21.959 20525 17459 D LauncherApps: onPackageRemoved 95,com.example.soma_ai_new
07-15 13:51:21.959  2971  3523 D LauncherAppsService: Calling onPackageRemoved: com.example.soma_ai_new, listener: android(UserHandle{0}, 2971)
07-15 13:51:21.959  2971  3523 D LauncherApps: onPackageRemoved 95,com.example.soma_ai_new
07-15 13:51:21.959  2971  3523 D LauncherAppsService: Calling onPackageRemoved: com.example.soma_ai_new, EXTRA_REPLACING: false
07-15 13:51:21.959  2971  3523 D LauncherAppsService: Calling onPackageRemoved: com.example.soma_ai_new, listener: com.android.systemui(UserHandle{0}, 4883)
07-15 13:51:21.959  2971  3523 D LauncherAppsService: Calling onPackageRemoved: com.example.soma_ai_new, listener: com.google.android.as(UserHandle{0}, 20525)
07-15 13:51:21.959  4883  6525 D LauncherApps: onPackageRemoved 0,com.example.soma_ai_new
07-15 13:51:21.959  2971  3523 D LauncherAppsService: Calling onPackageRemoved: com.example.soma_ai_new, listener: com.sec.android.app.launcher(UserHandle{0}, 5342)
07-15 13:51:21.959 20525 17459 D LauncherApps: onPackageRemoved 0,com.example.soma_ai_new
07-15 13:51:21.959  2971  3523 D LauncherAppsService: Calling onPackageRemoved: com.example.soma_ai_new, listener: android(UserHandle{0}, 2971)
07-15 13:51:21.959  2971  3523 D LauncherApps: onPackageRemoved 0,com.example.soma_ai_new
07-15 13:51:21.961  5342  5342 I HoneySpace.PackageOperationTracker: onPackageRemoved - com.example.soma_ai_new UserHandle{95}
07-15 13:51:21.965  5342  5342 I HoneySpace.PackageChangedCallbackImpl: onPackageRemoved: com.example.soma_ai_new / UserHandle{95}
07-15 13:51:21.965  5342  5342 I HoneySpace.PackageOperationTracker: onPackageRemoved - com.example.soma_ai_new UserHandle{0}
07-15 13:51:21.965  5342  5342 I HoneySpace.PackageChangedCallbackImpl: onPackageRemoved: com.example.soma_ai_new / UserHandle{0}
07-15 13:51:21.967  5342 19334 I HoneySpace.IconCache: remove icon cache & DB : com.example.soma_ai_new UserHandle{95}
07-15 13:51:21.969  5342 19334 I HoneySpace.IconCache: removeSpecificIconDb: com.example.soma_ai_new UserHandle{95}
07-15 13:51:21.981  5342 24768 I HoneySpace.HoneySpacePackageSourceImpl: Package removed : com.example.soma_ai_new
07-15 13:51:21.982  5342 24769 I SearchableManager: removeDynamicSearchable: com.example.soma_ai_new
07-15 13:51:21.982  5342 24769 I SearchableManager: invalidate: com.example.soma_ai_new
07-15 13:51:21.982  5342  5342 I HoneySpace.HoneySpaceManagerContainer: refreshHoneyPlugin, packageName: com.example.soma_ai_new
07-15 13:51:21.982  5342 19334 I HoneySpace.IconCache: remove icon cache & DB : com.example.soma_ai_new UserHandle{0}
07-15 13:51:21.982  5342 19334 I HoneySpace.IconCache: removeSpecificIconDb: com.example.soma_ai_new UserHandle{0}
07-15 13:51:21.985  5342 19337 I SearchableManager: removeDynamicSearchable: com.example.soma_ai_new
07-15 13:51:21.985  5342 19337 I SearchableManager: invalidate: com.example.soma_ai_new
07-15 13:51:21.985  5342 10308 I HoneySpace.HoneySpacePackageSourceImpl: Package removed : com.example.soma_ai_new
07-15 13:51:22.001  5342  5342 I HoneySpace.DataCache: deleteItem : id=142391, title=SOMA AI NEW, type=APP, containerType=ITEM_GROUP, containerId=16, x=-1, y=-1, rank=29, spanX=-1, spanY=-1, scale=1.0component=com.example.soma_ai_new/.MainActivity, profileId=95, intent=null, restored=0, hidden=UNHIDDEN, appWidgetId=-1, options=0, refPackageName=null (appList) package removed
07-15 13:51:22.002  5342  8397 I HoneySpace.DataCache: delete item : (appList) package removed - APP / 142391 / SOMA AI NEW / com.example.soma_ai_new/.MainActivity / -1 / 95
07-15 13:51:22.002  5342  5342 I HoneySpace.DataCache: deleteItem : id=142382, title=SOMA AI NEW, type=APP, containerType=ITEM_GROUP, containerId=16, x=-1, y=-1, rank=28, spanX=-1, spanY=-1, scale=1.0component=com.example.soma_ai_new/.MainActivity, profileId=0, intent=null, restored=0, hidden=UNHIDDEN, appWidgetId=-1, options=0, refPackageName=null (appList) package removed
07-15 13:51:22.004  5342  5342 I HoneySpace.HoneySpaceManagerContainer: refreshHoneyPlugin, packageName: com.example.soma_ai_new
07-15 13:51:22.005  5342  8397 I HoneySpace.DataCache: delete item : (appList) package removed - APP / 142382 / SOMA AI NEW / com.example.soma_ai_new/.MainActivity / -1 / 0
07-15 13:51:22.386  5342 19334 I SearchEngineAppSuggestion: package removed: com.example.soma_ai_new
07-15 13:52:57.358  5342 25819 I HoneySpace.FilteredItemProvider: collect filtered items m, [PK(p='com.utorrent.client', u=UserHandle{0}), PK(p='com.mixapplications.ultimateusb', u=UserHandle{0}), PK(p='org.chromium.webapk.a90b26d0d212ec6fa_v2', u=UserHandle{0}), PK(p='com.letsappbuilder', u=UserHandle{0}), PK(p='org.chromium.webapk.af9d4e04708f840bf_v2', u=UserHandle{0}), PK(p='org.chromium.webapk.a5f680bb37768d090_v2', u=UserHandle{0}), PK(p='com.cesoftware.ecloud', u=UserHandle{0}), PK(p='com.mixapplications.rufus', u=UserHandle{0}), PK(p='eu.depau.etchdroid', u=UserHandle{0}), PK(p='host.exp.exponent', u=UserHandle{0}), PK(p='ru.twicker.lampa', u=UserHandle{0}), PK(p='magencyaze.avtoklub.nomre', u=UserHandle{0}), PK(p='org.chromium.webapk.a9d7c4b01d4b8a2cb_v2', u=UserHandle{0}), PK(p='org.chromium.webapk.ac508e69138ea0da9_v2', u=UserHandle{0}), PK(p='com.facebook.stella', u=UserHandle{0}), PK(p='com.smule.autorap', u=UserHandle{0}), PK(p='com.komspek.battleme', u=UserHandle{0}), PK(p='com.blackbox.blackboxapp', u=UserHandle{0}), PK(p='org.chromium.webapk.a6f066bf62eea7b57_v2', u=UserHandle{0}), PK(p='com.remitly.androidapp', u=UserHandle{0}), PK(p='com.paysend.app', u=UserHandle{0}), PK(p='com.dp.logcatapp', u=UserHandle{0}), PK(p='com.example.soma_ai_new', u=UserHandle{0}), PK(p='com.example.soma_ai_new', u=UserHandle{95})]
07-15 13:52:57.358  5342 25819 I HoneySpace.SuggestedItemsFacade: filteredItem : PK(p='com.example.soma_ai_new', u=UserHandle{0})
07-15 13:52:57.358  5342 25819 I HoneySpace.SuggestedItemsFacade: filteredItem : PK(p='com.example.soma_ai_new', u=UserHandle{95})
07-15 13:53:02.654  5342 24296 I HoneySpace.FilteredItemProvider: collect filtered items m, [PK(p='com.utorrent.client', u=UserHandle{0}), PK(p='com.mixapplications.ultimateusb', u=UserHandle{0}), PK(p='org.chromium.webapk.a90b26d0d212ec6fa_v2', u=UserHandle{0}), PK(p='com.letsappbuilder', u=UserHandle{0}), PK(p='org.chromium.webapk.af9d4e04708f840bf_v2', u=UserHandle{0}), PK(p='org.chromium.webapk.a5f680bb37768d090_v2', u=UserHandle{0}), PK(p='com.cesoftware.ecloud', u=UserHandle{0}), PK(p='com.mixapplications.rufus', u=UserHandle{0}), PK(p='eu.depau.etchdroid', u=UserHandle{0}), PK(p='host.exp.exponent', u=UserHandle{0}), PK(p='ru.twicker.lampa', u=UserHandle{0}), PK(p='magencyaze.avtoklub.nomre', u=UserHandle{0}), PK(p='org.chromium.webapk.a9d7c4b01d4b8a2cb_v2', u=UserHandle{0}), PK(p='org.chromium.webapk.ac508e69138ea0da9_v2', u=UserHandle{0}), PK(p='com.facebook.stella', u=UserHandle{0}), PK(p='com.smule.autorap', u=UserHandle{0}), PK(p='com.komspek.battleme', u=UserHandle{0}), PK(p='com.blackbox.blackboxapp', u=UserHandle{0}), PK(p='org.chromium.webapk.a6f066bf62eea7b57_v2', u=UserHandle{0}), PK(p='com.remitly.androidapp', u=UserHandle{0}), PK(p='com.paysend.app', u=UserHandle{0}), PK(p='com.dp.logcatapp', u=UserHandle{0}), PK(p='com.example.soma_ai_new', u=UserHandle{0}), PK(p='com.example.soma_ai_new', u=UserHandle{95})]
07-15 13:53:02.654  5342 24296 I HoneySpace.SuggestedItemsFacade: filteredItem : PK(p='com.example.soma_ai_new', u=UserHandle{0})
07-15 13:53:02.654  5342 24296 I HoneySpace.SuggestedItemsFacade: filteredItem : PK(p='com.example.soma_ai_new', u=UserHandle{95})
07-15 13:53:13.332  5477  5477 I Finsky  : [2] VerifyApps: Install-time verification requested for package com.example.soma_ai_new, PackageManager id = 186, Verifier id = 1f926684-6892-4876-8451-6bf69ce3ae7a
07-15 13:53:13.444  5477 29393 I Finsky  : [54444] VerifyApps: Anti-malware verification task started for package=com.example.soma_ai_new
07-15 13:53:13.628 29415 29462 I GOS:GameServiceReceiver:  PkgInstallStarted for com.example.soma_ai_new UserID : 0
07-15 13:53:13.730 29415 29563 W GOS:PackageUtil: isPackageInstalledAsUser(). Exception: android.content.pm.PackageManager$NameNotFoundException: com.example.soma_ai_new
07-15 13:53:13.731 29415 29563 I GOS:GameIntentService: onPackageChanged(). extras: Bundle[{changeType=2, userId=0, type=15, packageName=com.example.soma_ai_new}]
07-15 13:53:13.731 29415 29563 I GOS:GameIntentService: onPackageChanged(). changeType(INSTALL_STARTED), pkgName(com.example.soma_ai_new), UserHandle(0), userId(0), Installed(false)
07-15 13:53:13.733 29415 29563 W GOS:PackageUtil: isPackageInstalledAsUser(). Exception: android.content.pm.PackageManager$NameNotFoundException: com.example.soma_ai_new
07-15 13:53:14.603  5477  5598 I Finsky  : [53715] VerifyApps: Starting APK Analysis scan for com.example.soma_ai_new.
07-15 13:53:14.604  5477  5598 I Finsky  : [53715] Scanning package com.example.soma_ai_new contents with client side protections. File: [TXemti29NqIASbL00JBhlHnDAWm67txH2KPUhVBPMwg]
07-15 13:53:14.604  5477  5598 I Finsky  : [53715] VerifyApps: APK Analysis scan finished for com.example.soma_ai_new. Verdict: SAFE
07-15 13:53:15.103  5477 29820 I Finsky  : [54448] VerifyApps: Verification package=com.example.soma_ai_new, id=186, response=0, upload_requested=false, run_post_install=false
07-15 13:53:15.105  5477 29820 I Finsky  : [54448] VerifyApps: PAM result saving to datastore delayed for package: com.example.soma_ai_new
07-15 13:53:15.123  5477  5477 I Finsky  : [2] VerifyApps: Install-time verification complete: id=186, package_name=com.example.soma_ai_new
07-15 13:53:15.128  2971  4353 I PackageManager:           pkg{com.example.soma_ai_new}
07-15 13:53:15.180  2971  3624 D PersonaServiceHelper: in trim for persona 95 setting false null com.example.soma_ai_new
07-15 13:53:15.180  2971  3624 D PersonaServiceHelper: in trim for persona 150 setting false null com.example.soma_ai_new
07-15 13:53:15.222  2971  3624 D PermissionService: setAllowlistedRestrictedPermissionsUnchecked called for package - com.example.soma_ai_new
07-15 13:53:15.222  2971  3624 D PermissionService: updateAdminPermissionsInternalcom.example.soma_ai_new
07-15 13:53:15.224  2971  3624 D PermissionService: setAllowlistedRestrictedPermissionsUnchecked called for package - com.example.soma_ai_new
07-15 13:53:15.224  2971  3624 D PermissionService: updateAdminPermissionsInternalcom.example.soma_ai_new
07-15 13:53:15.224  2971  3624 D PermissionService: setAllowlistedRestrictedPermissionsUnchecked called for package - com.example.soma_ai_new
07-15 13:53:15.224  2971  3624 D PermissionService: updateAdminPermissionsInternalcom.example.soma_ai_new
07-15 13:53:15.398  2971  3624 D SPEG    : Feature is disabled for com.example.soma_ai_new as it has more than 4 dex files
07-15 13:53:15.550  2971  3624 I BackupManagerService: [UserID:0] restoreAtInstall pkg=com.example.soma_ai_new token=b9 restoreSet=0
07-15 13:53:15.552  2971  3624 D PackageManager: isLocaleOptimizedPackage() -  Non optimized app: com.example.soma_ai_new. Proceed with normal install
07-15 13:53:15.721  2971  4672 D SGM:GameManager: identifyGamePackage. com.example.soma_ai_new, mCurrentUserId: 0, callerUserId: 0, callingMethodInfo: com.samsung.android.game.SemGameManager.isGamePackage(SemGameManager.java:105)
07-15 13:53:15.721  2971  4672 D SGM:SemGameManager: isGamePackage(), pkgName=com.example.soma_ai_new, ret=false
07-15 13:53:15.721  2971  4714 D ShortcutService: adding package: com.example.soma_ai_new userId0
07-15 13:53:15.730  2971  4775 I SdkSandboxManager: No SDKs used. Skipping SDK data reconcilation for CallingInfo{mUid=10996, mPackageName='com.example.soma_ai_new, mAppProcessToken='null'}
07-15 13:53:15.734  2971  2971 I DomainFilter: packageAdded() - packageName: com.example.soma_ai_new, uid: 0
07-15 13:53:15.737  2971  4699 I AppWidgetServiceImpl: Received broadcast: android.intent.action.PACKAGE_ADDED, Updates all providers with com.example.soma_ai_new, userId: 0
07-15 13:53:15.739  2971  2971 D DualDARComnService: reConnectAgentsByPkgName:: package: com.example.soma_ai_new
07-15 13:53:15.740  5125  5125 D CarrierSvcBindHelper: onPackageAdded: com.example.soma_ai_new
07-15 13:53:15.745  2971  4699 I AppWidgetServiceImpl: Received broadcast: android.intent.action.PACKAGE_ADDED, Updates all providers with com.example.soma_ai_new, userId: 95
07-15 13:53:15.745  2971  4775 I SdkSandboxManager: No SDKs used. Skipping SDK data reconcilation for CallingInfo{mUid=9510996, mPackageName='com.example.soma_ai_new, mAppProcessToken='null'}
07-15 13:53:15.745  2971  4714 D ShortcutService: adding package: com.example.soma_ai_new userId95
07-15 13:53:15.746  2971  4672 D SGM:GameManager: identifyGamePackage. com.example.soma_ai_new, mCurrentUserId: 0, callerUserId: 0, callingMethodInfo: com.samsung.android.game.SemGameManager.isGamePackage(SemGameManager.java:105)
07-15 13:53:15.746  2971  4672 D SGM:SemGameManager: isGamePackage(), pkgName=com.example.soma_ai_new, ret=false
07-15 13:53:15.749  5579  5708 I PackageInfoManager_FLP: action : ACTION_PACKAGE_ADDED, packageName = com.example.soma_ai_new
07-15 13:53:15.755  5125  6261 D ImsResolver: maybeAddedImsService, packageName: com.example.soma_ai_new
07-15 13:53:15.759  2971  4760 D SGM:GameManager: identifyGamePackage. com.example.soma_ai_new, mCurrentUserId: 0, callerUserId: 0, callingMethodInfo: com.samsung.android.game.SemGameManager.isGamePackage(SemGameManager.java:105)
07-15 13:53:15.763  2971  4760 D SGM:SemGameManager: isGamePackage(), pkgName=com.example.soma_ai_new, ret=false
07-15 13:53:15.771  4883  5027 D PluginActionManager: queryPkg com.example.soma_ai_new com.android.systemui.action.PLUGIN_SENSOR_MANAGER
07-15 13:53:15.776  2971  4361 D OverlayManager: reconcileSettingsForPackage pkgName=com.example.soma_ai_new userId=0
07-15 13:53:15.777  2971  4361 I OverlayManager: updateOverlaysForTarget() called with: targetPackage = [com.example.soma_ai_new], userId = [0], flags = [0]
07-15 13:53:15.777  4883  5027 D PluginActionManager: queryPkg com.example.soma_ai_new com.android.systemui.action.PLUGIN_TOAST
07-15 13:53:15.785  2971  2971 I Telecom : SamsungOpenCommunicationPlatformPolicyPackageBroadcastReceiver : action : android.intent.action.PACKAGE_ADDED / packageName : com.example.soma_ai_new
07-15 13:53:15.786  9520  9520 D BluetoothEventManager: AppPackageChangedHandler: package name = com.example.soma_ai_new
07-15 13:53:15.786  2971  4884 D SGM:GameManager: identifyGamePackage. com.example.soma_ai_new, mCurrentUserId: 0, callerUserId: 0, callingMethodInfo: com.samsung.android.game.SemGameManager.isGamePackage(SemGameManager.java:105)
07-15 13:53:15.786  2971  4884 D SGM:SemGameManager: isGamePackage(), pkgName=com.example.soma_ai_new, ret=false
07-15 13:53:15.786  2971  4884 I Pageboost: appinfo : com.example.soma_ai_new 0 0 0 0
07-15 13:53:15.786  2971  4884 D SGM:GameManager: identifyGamePackage. com.example.soma_ai_new, mCurrentUserId: 0, callerUserId: 0, callingMethodInfo: com.samsung.android.game.SemGameManager.isGamePackage(SemGameManager.java:105)
07-15 13:53:15.786  2971  4884 D SGM:SemGameManager: isGamePackage(), pkgName=com.example.soma_ai_new, ret=false
07-15 13:53:15.790  4883  4984 D BluetoothEventManager: AppPackageChangedHandler: package name = com.example.soma_ai_new
07-15 13:53:15.790  4883  4984 D BluetoothEventManager: AppPackageChangedHandler: package name = com.example.soma_ai_new
07-15 13:53:15.795  4883  5027 D PluginActionManager: queryPkg com.example.soma_ai_new com.android.systemui.action.PLUGIN_NOTIFICATION_MENU_ROW
07-15 13:53:15.802  2971  4884 I Pageboost: Reset this app info : com.example.soma_ai_new 
07-15 13:53:15.803  5125  5125 I VvmPkgInstalledRcvr: packageName: com.example.soma_ai_new, systemDialer: com.samsung.android.dialer
07-15 13:53:15.804  4883  5027 D PluginActionManager: queryPkg com.example.soma_ai_new com.android.systemui.action.PLUGIN_NOTIFICATION_MENU_ROW
07-15 13:53:15.805  4883  5027 D PluginActionManager: queryPkg com.example.soma_ai_new com.android.systemui.action.PLUGIN_VOLUME
07-15 13:53:15.806  4883  5027 D PluginActionManager: queryPkg com.example.soma_ai_new com.android.systemui.action.PLUGIN_GLOBAL_ACTIONS
07-15 13:53:15.810  4883  5027 D PluginActionManager: queryPkg com.example.soma_ai_new com.android.systemui.action.PLUGIN_CLOCK_PROVIDER
07-15 13:53:15.811  4883  5027 D PluginActionManager: queryPkg com.example.soma_ai_new com.android.systemui.action.PLUGIN_NOTIFICATION_MENU_ROW
07-15 13:53:15.811  4883  5027 D PluginActionManager: queryPkg com.example.soma_ai_new com.android.systemui.action.PLUGIN_OVERLAY
07-15 13:53:15.811  4883  5027 D PluginActionManager: queryPkg com.example.soma_ai_new com.android.systemui.action.PLUGIN_NOTIFICATION_ASSISTANT
07-15 13:53:15.812  4883  5027 D PluginActionManager: queryPkg com.example.soma_ai_new com.android.systemui.action.PEOPLE_HUB_PERSON_EXTRACTOR
07-15 13:53:15.812  5125  5125 D CarrierSvcBindHelper: onPackageAdded: com.example.soma_ai_new
07-15 13:53:15.812  4883  5027 D PluginActionManager: queryPkg com.example.soma_ai_new com.samsung.systemui.action.PLUGIN_FACE_WIDGET
07-15 13:53:15.812  4883  5027 D PluginActionManager: queryPkg com.example.soma_ai_new com.android.systemui.action.PLUGIN_QS
07-15 13:53:15.812  2971  6114 I Telecom : SamsungOpenCommunicationPlatformPolicyPackageHandler : handleMessage : { when=-25ms what=0 obj=com.example.soma_ai_new target=com.samsung.server.telecom.advancedcall.ocp.policy.broadcast.SamsungOpenCommunicationPlatformPolicyPackageHandler }.what
07-15 13:53:15.814  4883  5027 D PluginActionManager: queryPkg com.example.soma_ai_new com.android.systemui.action.PLUGIN_QS_FACTORY
07-15 13:53:15.814  5125  6261 D ImsResolver: maybeAddedImsService, packageName: com.example.soma_ai_new
07-15 13:53:15.829  2971  4361 D OverlayManager: -> Updating overlay: target=com.example.soma_ai_new overlays=[OverlayPaths { resourceDirs = [], overlayPaths = [] }] userId=0
07-15 13:53:15.829  2971  4361 D OverlayManager: reconcileSettingsForPackage pkgName=com.example.soma_ai_new userId=95
07-15 13:53:15.829  2971  4361 I OverlayManager: updateOverlaysForTarget() called with: targetPackage = [com.example.soma_ai_new], userId = [95], flags = [0]
07-15 13:53:15.830  2971  2971 I DomainFilter: packageAdded() - packageName: com.example.soma_ai_new, uid: 95
07-15 13:53:15.831  2971  2971 D DualDARComnService: reConnectAgentsByPkgName:: package: com.example.soma_ai_new
07-15 13:53:15.832  2971  2971 I Telecom : SamsungOpenCommunicationPlatformPolicyPackageBroadcastReceiver : action : android.intent.action.PACKAGE_ADDED / packageName : com.example.soma_ai_new
07-15 13:53:15.832  2971  6114 I Telecom : SamsungOpenCommunicationPlatformPolicyPackageHandler : handleMessage : { when=0 what=0 obj=com.example.soma_ai_new target=com.samsung.server.telecom.advancedcall.ocp.policy.broadcast.SamsungOpenCommunicationPlatformPolicyPackageHandler }.what
07-15 13:53:15.834  2971  2971 D ApplicationPolicy: No updatable permission to DENY found for com.example.soma_ai_new(0)
07-15 13:53:15.836  2971  2971 D ApplicationPolicy: No updatable permission to GRANT found for com.example.soma_ai_new(0)
07-15 13:53:15.840  2971  4361 D OverlayManager: -> Updating overlay: target=com.example.soma_ai_new overlays=[OverlayPaths { resourceDirs = [], overlayPaths = [] }] userId=95
07-15 13:53:15.841  2971  4884 I Pageboost: add app to global @ runtime: com.example.soma_ai_new
07-15 13:53:15.846  4883  4883 I GoodLockLifecycle: onPackageAdded: com.example.soma_ai_new
07-15 13:53:15.848  5477  5477 I Finsky  : [2] AIM: AppInfoCacheUpdater -> invalidating apps: [com.example.soma_ai_new]
07-15 13:53:15.854  5477  5593 I Finsky  : [53711] AIM: AppInfoManager-Perf > OnDeviceAppInfo > cacheHitCount=0, cacheMissCount=1. Missed  in cache (limit 10) : [com.example.soma_ai_new]
07-15 13:53:15.910 17428 17428 I SafetyLabelChangedBroadcastReceiver: received broadcast packageName: com.example.soma_ai_new, current user: UserHandle{0}, packageChangeEvent: NEW_INSTALL, intent user: UserHandle{0}
07-15 13:53:15.933 29835 29838 I artd    : Dex parent of /data/app/~~VyL3e5__1Ymrv7zBS47nOw==/com.example.soma_ai_new-sy2ZWz1DT5ztK-vDFrocTg==/base.apk is not writable: Permission denied
07-15 13:53:15.933 29835 29838 I artd    : GetBestInfo checking odex in dalvik-cache (/data/dalvik-cache/arm64/data@app@~~VyL3e5__1Ymrv7zBS47nOw==@com.example.soma_ai_new-sy2ZWz1DT5ztK-vDFrocTg==@base.apk@classes.dex)
07-15 13:53:15.933 29835 29838 I artd    : Loading /data/dalvik-cache/arm64/data@app@~~VyL3e5__1Ymrv7zBS47nOw==@com.example.soma_ai_new-sy2ZWz1DT5ztK-vDFrocTg==@base.apk@classes.dex with executable: 0
07-15 13:53:15.933 29835 29838 I artd    : OatFileAssistant test for existing oat file /data/dalvik-cache/arm64/data@app@~~VyL3e5__1Ymrv7zBS47nOw==@com.example.soma_ai_new-sy2ZWz1DT5ztK-vDFrocTg==@base.apk@classes.dex: File /data/dalvik-cache/arm64/data@app@~~VyL3e5__1Ymrv7zBS47nOw==@com.example.soma_ai_new-sy2ZWz1DT5ztK-vDFrocTg==@base.apk@classes.vdex does not exist.
07-15 13:53:15.933 29835 29838 I artd    : GetBestInfo checking odex next to the dex file (/data/app/~~VyL3e5__1Ymrv7zBS47nOw==/com.example.soma_ai_new-sy2ZWz1DT5ztK-vDFrocTg==/oat/arm64/base.odex)
07-15 13:53:15.933 29835 29838 I artd    : Loading /data/app/~~VyL3e5__1Ymrv7zBS47nOw==/com.example.soma_ai_new-sy2ZWz1DT5ztK-vDFrocTg==/oat/arm64/base.odex with executable: 0
07-15 13:53:15.933 29835 29838 I artd    : OatFileAssistant test for existing oat file /data/app/~~VyL3e5__1Ymrv7zBS47nOw==/com.example.soma_ai_new-sy2ZWz1DT5ztK-vDFrocTg==/oat/arm64/base.odex: File /data/app/~~VyL3e5__1Ymrv7zBS47nOw==/com.example.soma_ai_new-sy2ZWz1DT5ztK-vDFrocTg==/oat/arm64/base.vdex does not exist.
07-15 13:53:15.933 29835 29838 I artd    : GetBestInfo checking vdex in dalvik-cache (/data/dalvik-cache/arm64/data@app@~~VyL3e5__1Ymrv7zBS47nOw==@com.example.soma_ai_new-sy2ZWz1DT5ztK-vDFrocTg==@base.apk@classes.vdex)
07-15 13:53:15.933 29835 29838 I artd    : unable to open vdex file /data/dalvik-cache/arm64/data@app@~~VyL3e5__1Ymrv7zBS47nOw==@com.example.soma_ai_new-sy2ZWz1DT5ztK-vDFrocTg==@base.apk@classes.vdex: File /data/dalvik-cache/arm64/data@app@~~VyL3e5__1Ymrv7zBS47nOw==@com.example.soma_ai_new-sy2ZWz1DT5ztK-vDFrocTg==@base.apk@classes.vdex does not exist.
07-15 13:53:15.933 29835 29838 I artd    : OatFileAssistant test for existing oat file /data/dalvik-cache/arm64/data@app@~~VyL3e5__1Ymrv7zBS47nOw==@com.example.soma_ai_new-sy2ZWz1DT5ztK-vDFrocTg==@base.apk@classes.vdex: File /data/dalvik-cache/arm64/data@app@~~VyL3e5__1Ymrv7zBS47nOw==@com.example.soma_ai_new-sy2ZWz1DT5ztK-vDFrocTg==@base.apk@classes.vdex does not exist.
07-15 13:53:15.933 29835 29838 I artd    : GetBestInfo checking vdex next to the dex file (/data/app/~~VyL3e5__1Ymrv7zBS47nOw==/com.example.soma_ai_new-sy2ZWz1DT5ztK-vDFrocTg==/oat/arm64/base.vdex)
07-15 13:53:15.933 29835 29838 I artd    : unable to open vdex file /data/app/~~VyL3e5__1Ymrv7zBS47nOw==/com.example.soma_ai_new-sy2ZWz1DT5ztK-vDFrocTg==/oat/arm64/base.vdex: File /data/app/~~VyL3e5__1Ymrv7zBS47nOw==/com.example.soma_ai_new-sy2ZWz1DT5ztK-vDFrocTg==/oat/arm64/base.vdex does not exist.
07-15 13:53:15.933 29835 29838 I artd    : OatFileAssistant test for existing oat file /data/app/~~VyL3e5__1Ymrv7zBS47nOw==/com.example.soma_ai_new-sy2ZWz1DT5ztK-vDFrocTg==/oat/arm64/base.vdex: File /data/app/~~VyL3e5__1Ymrv7zBS47nOw==/com.example.soma_ai_new-sy2ZWz1DT5ztK-vDFrocTg==/oat/arm64/base.vdex does not exist.
07-15 13:53:15.933 29835 29838 I artd    : GetBestInfo checking dm (/data/app/~~VyL3e5__1Ymrv7zBS47nOw==/com.example.soma_ai_new-sy2ZWz1DT5ztK-vDFrocTg==/base.dm)
07-15 13:53:15.933 29835 29838 W ziparchive: Unable to open '/data/app/~~VyL3e5__1Ymrv7zBS47nOw==/com.example.soma_ai_new-sy2ZWz1DT5ztK-vDFrocTg==/base.dm': No such file or directory
07-15 13:53:15.933 29835 29838 I artd    : OatFileAssistant test for existing oat file /data/app/~~VyL3e5__1Ymrv7zBS47nOw==/com.example.soma_ai_new-sy2ZWz1DT5ztK-vDFrocTg==/base.dm: I/O error
07-15 13:53:15.933 29835 29838 I artd    : GetBestInfo checking dm (/data/app/~~VyL3e5__1Ymrv7zBS47nOw==/com.example.soma_ai_new-sy2ZWz1DT5ztK-vDFrocTg==/base.dm)
07-15 13:53:15.933 29835 29838 W ziparchive: Unable to open '/data/app/~~VyL3e5__1Ymrv7zBS47nOw==/com.example.soma_ai_new-sy2ZWz1DT5ztK-vDFrocTg==/base.dm': No such file or directory
07-15 13:53:15.933 29835 29838 I artd    : OatFileAssistant test for existing oat file /data/app/~~VyL3e5__1Ymrv7zBS47nOw==/com.example.soma_ai_new-sy2ZWz1DT5ztK-vDFrocTg==/base.dm: I/O error
07-15 13:53:15.933  5477  5621 I Finsky  : [53720] AIM: AppInfoManager-Perf > OnDeviceAppInfo > cacheHitCount=0, cacheMissCount=1. Missed  in cache (limit 10) : [com.example.soma_ai_new]
07-15 13:53:15.986  9293 29892 I ProximityAuth: [RecentAppsMediator] Package added: (user=UserHandle{0}) com.example.soma_ai_new
07-15 13:53:16.018  2971  3588 D MARsPolicyManager: new Package : com.example.soma_ai_new, SCPMTarget : false
07-15 13:53:16.018  2971  3588 D MARsPolicyManager: new Package : com.example.soma_ai_new, SCPMTarget : false
07-15 13:53:16.083 29849 29849 I FILP/PackageIntentReceiver: pkgName : com.example.soma_ai_new
07-15 13:53:16.210 29885 29885 I SafetyLabelChangedBroadcastReceiver: received broadcast packageName: com.example.soma_ai_new, current user: UserHandle{95}, packageChangeEvent: NEW_INSTALL, intent user: UserHandle{95}
07-15 13:53:16.212 17428 17428 I SafetyLabelChangedBroadcastReceiver: received broadcast packageName: com.example.soma_ai_new, current user: UserHandle{0}, packageChangeEvent: NEW_INSTALL, intent user: UserHandle{95}
07-15 13:53:16.220 27976 27976 I SCS@AiSearch user 0: (PackageBroadcastReceiver) packageName: com.example.soma_ai_new
07-15 13:53:16.220 27976 27976 I SCS@AiSearch user 0: (PackageBroadcastReceiver) Packages changed: com.example.soma_ai_new
07-15 13:53:16.225 27976 27976 I SCS@AiSearch user 0: (PackageBroadcastReceiver) packageName: com.example.soma_ai_new
07-15 13:53:16.225 27976 27976 I SCS@AiSearch user 0: (PackageBroadcastReceiver) Packages changed: com.example.soma_ai_new
07-15 13:53:16.306 18419 29975 I ProximityAuth: [RecentAppsMediator] Package added: (user=UserHandle{95}) com.example.soma_ai_new
07-15 13:53:16.577 29845 29845 I Routine@Core[4.8.02.21]: MetadataLoaderImpl: collectInBackground - packageName:com.example.soma_ai_new
07-15 13:53:16.577 29845 29845 I Routine@Core[4.8.02.21]: MetadataSyncBacklog: add: com.android.settings + com.example.soma_ai_new
07-15 13:53:16.717 29845 29845 I Routine@Core[4.8.02.21]: MetadataLoaderJobService: onStartJob: collectPackageInBG - com.example.soma_ai_new
07-15 13:53:16.728 29845 29845 I Routine@Core[4.8.02.21]: MetadataLoaderJobService: packageName : com.example.soma_ai_new, forced : true
07-15 13:53:16.853  4883 11583 I TileConfigurationStore: updatePackageDataChange : com.example.soma_ai_new, type = 1, tileType = 1
07-15 13:53:18.235  4883 11583 E AppWidgetSupplier: Couldn't find any provider services packageName=com.example.soma_ai_new
07-15 13:53:18.235  4883 11583 I TileConfigurationStore: updatePackageDataChange : Complication Tile com.example.soma_ai_new, type = 1
07-15 13:53:18.235  4883 11583 I AppWidgetDataProvider:  updatePackageChangeData type  1 , pack type 1  ,  pkg com.example.soma_ai_new
07-15 13:53:18.383  2971  3523 I SGM:GameManager: PkgUpdateReceiver, onPackageAdded : com.example.soma_ai_new userHandle : UserHandle{0} userId : 0
07-15 13:53:18.383  2971  3523 D SGM:GosNotifyThread: sendPackageMessage(), changeType=0, pkgName=com.example.soma_ai_new, userHandleId=0
07-15 13:53:18.383  2971  4439 D SGM:GosNotifyThread: notifyPackageChangedToGos(), before send intent to GOS. type:15, changeType: 0, pkgName:com.example.soma_ai_new, userHandleId:0
07-15 13:53:18.383  2971  4439 D SGM:PmAppCategoryManager: getManifestCategory(), manifestCategory=-1, packageName=com.example.soma_ai_new
07-15 13:53:18.384  2971  4439 D SGM:PmAppCategoryManager: getCategoryOverride(), categoryOverride=-1, packageName=com.example.soma_ai_new
07-15 13:53:18.384  2971  4439 I SGM:GosNotifyThread: notifyPackageChangedToGos(), category from pm: com.example.soma_ai_new, [-1/-1]
07-15 13:53:18.391 29415 30144 I GOS:GameIntentService: onHandleIntent. GameIntentService. type: 15, pkgName: com.example.soma_ai_new
07-15 13:53:18.513 29415 30144 I GOS:GameIntentService: onPackageChanged(). extras: Bundle[{changeType=0, manifestCategory=-1, userId=0, pkgName=com.example.soma_ai_new, type=15, packageName=com.example.soma_ai_new, categoryOverride=-1}]
07-15 13:53:18.513 29415 30144 I GOS:GameIntentService: onPackageChanged(). changeType(INSTALLED), pkgName(com.example.soma_ai_new), UserHandle(0), userId(0), Installed(true)
07-15 13:53:18.514 29415 30144 I GOS:GameIntentService: onPkgInstalled(), appInfoCategory: -1, packageName: com.example.soma_ai_new
07-15 13:53:18.525 29415 30144 I GOS:FilteredPmAppCategoryGetter: getCategoryCode(). categoryCode:undefined, packageName:com.example.soma_ai_new
07-15 13:53:18.525 29415 30144 I GOS:SystemEventReactor: onPackageInstalled(). categoryByAppInfo=undefined, packageName=com.example.soma_ai_new
07-15 13:53:18.552  2971  4981 D SGM:GameManager: setPackageConfigurations(). category=-1, pkgName=com.example.soma_ai_new
07-15 13:53:18.552  2971  4981 D SGM:GameManager: setPackageConfiguration(). configuration: packageName: com.example.soma_ai_new, performancePolicyForSsrm: null, optimalAspectRatio: 1.7777778, dynamicSurfaceScaling: 1.0, category: -1, categoryByUser: -1, fillBlackSurfaceOnMargins: false, userId: null
07-15 13:53:18.552  2971  4981 D SGM:GameManager: setPackageConfiguration(). pkgName=com.example.soma_ai_new
07-15 13:53:18.552  2971  4981 D SGM:Util: isPkgInstalled(). pkgName=com.example.soma_ai_new, userId=0, installed=true
07-15 13:53:18.553  2971  4981 W SGM:Util: isPkgInstalled(), com.example.soma_ai_new does not exist. 
07-15 13:53:18.553  2971  4981 D SGM:Util: isPkgInstalled(). pkgName=com.example.soma_ai_new, userId=150, installed=false
07-15 13:53:18.553  2971  4981 W SGM:GameManager: setPackageConfiguration(). the package is not installed. pkgName=com.example.soma_ai_new, userId=150
07-15 13:53:18.554  2971  3523 D MetaDataCollector: onReceive: done pkgName=com.example.soma_ai_new
07-15 13:53:18.562  2971  3523 I SGM:GameManager: PkgUpdateReceiver, onPackageAdded : com.example.soma_ai_new userHandle : UserHandle{95} userId : 95
07-15 13:53:18.562  2971  3523 D SGM:GosNotifyThread: sendPackageMessage(), changeType=0, pkgName=com.example.soma_ai_new, userHandleId=95
07-15 13:53:18.563  2971  4439 D SGM:GosNotifyThread: notifyPackageChangedToGos(), before send intent to GOS. type:15, changeType: 0, pkgName:com.example.soma_ai_new, userHandleId:95
