07-14 20:41:00.710  6489  6489 W Monkey  : args: [-p, com.example.soma_ai_new, -c, android.intent.category.LAUNCHER, 1]
07-14 20:41:00.711  6489  6489 W Monkey  :  arg: "com.example.soma_ai_new"
07-14 20:41:00.711  6489  6489 W Monkey  : data="com.example.soma_ai_new"
07-14 20:41:00.792  2971  4358 I Pageboost: onAppLaunch : com.example.soma_ai_new
07-14 20:41:00.797  2971  4358 V WindowManager: Collecting in transition 13491: ActivityRecord{8dacde2 u0 com.example.soma_ai_new/.MainActivity, caller=com.android.server.wm.TransitionController.collect:7 com.android.server.wm.ActivityStarter.startActivityUnchecked:626 com.android.server.wm.ActivityStarter.executeRequest:3361 com.android.server.wm.ActivityStarter.execute:1122 com.android.server.wm.ActivityTaskManagerService.startActivityAsUser:88 
07-14 20:41:00.797  2971  4358 D ActivityTaskManager: TaskLaunchParamsModifier:task=null activity=ActivityRecord{8dacde2 u0 com.example.soma_ai_new/.MainActivity t-1} display-area-from-current-params=null display-area-for-record=DefaultTaskDisplayArea_d0@89239548 display-id=0 task-display-area-windowing-mode=1 suggested-display-area=DefaultTaskDisplayArea_d0@89239548
07-14 20:41:00.797  2971  4358 D ActivityTaskManager: TaskLaunchParamsModifier:task=Task{83eef47 #27495 type=standard A=10992:com.example.soma_ai_new} activity=ActivityRecord{8dacde2 u0 com.example.soma_ai_new/.MainActivity t-1} display-from-task=0 display-id=0 task-display-area-windowing-mode=1 suggested-display-area=DefaultTaskDisplayArea_d0@89239548 inherit-from-task=fullscreen non-freeform-task-display-area display-area=DefaultTaskDisplayArea_d0@89239548 default-portrait freeform-size-mismatch=Rect(81, 554 - 999, 1724)
07-14 20:41:00.797  2971  4358 V WindowManager: Collecting in transition 13491: ActivityRecord{f413a86 u0 com.example.soma_ai_new/.MainActivity t27495}, caller=com.android.server.wm.TransitionController.collect:7 com.android.server.wm.ActivityStarter.startActivityInner:235 com.android.server.wm.ActivityStarter.startActivityUnchecked:639 com.android.server.wm.ActivityStarter.executeRequest:3361 com.android.server.wm.ActivityStarter.execute:1122 
07-14 20:41:00.798  2971  4358 D WindowManager: prepareSync <SYNC_STATE_WAITING_FOR_DRAW>, mPrepareSyncSeqId=0, win=Window{cdc10d5 u0 com.example.soma_ai_new/com.example.soma_ai_new.MainActivity}
07-14 20:41:00.798  2971  4358 I Pageboost: moveTaskToFront : 10992:com.example.soma_ai_new
07-14 20:41:00.798  2971  4358 D ActivityTaskManager: scheduleTopResumedActivityChanged, onTop=false, r=ActivityRecord{5439866 u95 com.example.soma_ai_new/.MainActivity t27494}, caller=com.android.server.wm.ActivityTaskSupervisor.scheduleTopResumedActivityStateLossIfNeeded:11 com.android.server.wm.ActivityTaskSupervisor.updateTopResumedActivityIfNeeded:19 com.android.server.wm.TaskDisplayArea.positionChildAt:270 com.android.server.wm.Task.moveToFront:443 com.android.server.wm.ActivityRecord.moveFocusableActivityToTop:259 com.android.server.wm.Task.moveTaskToFront:196 
07-14 20:41:00.798  2971  4358 V WindowManager: Add starting ActivityRecord{f413a86 u0 com.example.soma_ai_new/.MainActivity t27495}: startingData=SnapshotStartingData{eb0b573 waitForSyncTransactionCommit=false removeAfterTransaction= 0}
07-14 20:41:00.799  2971  4358 V WindowManager: Added starting ActivityRecord{f413a86 u0 com.example.soma_ai_new/.MainActivity t27495}: startingWindow=null startingView=com.android.server.wm.StartingSurfaceController$StartingSurface@2787c30
07-14 20:41:00.799  2971  4358 V WindowManager: Collecting in transition 13491: ActivityRecord{8dacde2 u0 com.example.soma_ai_new/.MainActivity t-1}, caller=com.android.server.wm.Transition.collectExistenceChange:42 com.android.server.wm.ActivityStarter.handleStartResult:523 com.android.server.wm.ActivityStarter.startActivityUnchecked:653 com.android.server.wm.ActivityStarter.executeRequest:3361 com.android.server.wm.ActivityStarter.execute:1122 
07-14 20:41:00.800  2971  4358 I ActivityTaskManager: START u0 {act=android.intent.action.MAIN cat=[android.intent.category.LAUNCHER] flg=0x10200000 cmp=com.example.soma_ai_new/.MainActivity} with LAUNCH_MULTIPLE from uid 2000 (BAL_ALLOW_PERMISSION) result code=2
07-14 20:41:00.806  4883  4936 V WindowManagerShell: Transition requested (#13491): android.os.BinderProxy@9d94494 TransitionRequestInfo { type = OPEN, triggerTask = TaskInfo{userId=0 taskId=27495 displayId=0 isRunning=true baseIntent=Intent { act=android.intent.action.MAIN cat=[android.intent.category.LAUNCHER] flg=0x10200000 cmp=com.example.soma_ai_new/.MainActivity } baseActivity=ComponentInfo{com.example.soma_ai_new/com.example.soma_ai_new.MainActivity} topActivity=ComponentInfo{com.example.soma_ai_new/com.example.soma_ai_new.MainActivity} origActivity=null realActivity=ComponentInfo{com.example.soma_ai_new/com.example.soma_ai_new.MainActivity} numActivities=1 lastActiveTime=1174696809 supportsMultiWindow=true resizeMode=1 isResizeable=true minWidth=-1 minHeight=-1 maxWidth=-1 maxHeight=-1 defaultMinSize=220 token=WCT{android.window.IWindowContainerToken$Stub$Proxy@2df7b3d} topActivityType=1 pictureInPictureParams=null shouldDockBigOverlays=false launchIntoPipHostTaskId=-1 lastParentTaskIdBeforePip=-1 displayCutoutSafeInsets=Rect(0, 74 - 0, 0) topActivityInfo=ActivityInfo{ee23f32 com.example.soma_ai_new.MainActivity} launchCookies=[android.os.BinderProxy@dc6e6b2] positionInParent=Point(0, 0) parentTaskId=-1 isFocused=false isVisible=false isVisibleRequested=false isSleeping=false topActivityInSizeCompat=false locusId=null displayAreaFeatureId=1 isTopActivityTransparent=false isTopActivityStyleFloating=false appCompatTaskInfo=AppCompatTaskInfo { topActivityInSizeCompat=false eligibleForLetterboxEducation= false isLetterboxEducationEnabled= false isLetterboxDoubleTapEnabled= false eligibleForUserAspectRatioButton= false topActivityBoundsLetterboxed= false isFromLetterboxDoubleTap= false topActivityLetterboxVerticalPosition= -1 topActivityLetterboxHorizontalPosition= -1 topActivityLetterboxWidth=1080 topActivityLetterboxHeight=2340 topActivityLetterboxAppWidth=1080 topActivityLetterboxAppHeight=2131 isUserFullscreenOverrideEnabled=false isSystemFullscreenOverrideEnabled=false hasMinAspectRatioOverride=false cameraCompatTaskInfo=CameraCompatTaskInfo { freeformCameraCompatMode=inactive} topActivityBounds=null topActivityInDisplayCompat=false} originallySupportedMultiWindow=true hasWallpaper=false rootAffinity=10992:com.example.soma_ai_new isTopTaskInStage=false topActivityUiMode=33 CoverLauncherWidgetTask=false isAllowedSeamlessRotation=false isTopTransparentActivity=false snappingGuideBounds=Rect(81, 554 - 999, 1724) isAliasManaged=false hasConfigChanged=false isAiKeyRemoveAppTask=false}, pipTask = null, remoteTransition = null, displayChange = null, flags = 0, debugId = 13491 }
07-14 20:41:00.806  2971  5622 V WindowManager: Collecting in transition 13491: ActivityRecord{f413a86 u0 com.example.soma_ai_new/.MainActivity t27495}, caller=com.android.server.wm.TransitionController.collect:7 com.android.server.wm.ActivityRecord.setVisibility:189 com.android.server.wm.TaskFragment.resumeTopActivity:1735 com.android.server.wm.Task.resumeTopActivityInnerLocked:98 com.android.server.wm.Task.resumeTopActivityUncheckedLocked:23 
07-14 20:41:00.807  2971  5622 V WindowManager: Setting visibility of Window{cdc10d5 u0 com.example.soma_ai_new/com.example.soma_ai_new.MainActivity}: true, caller=com.android.server.wm.WindowContainer.sendAppVisibilityToClients:19 com.android.server.wm.WindowToken.setClientVisible:49 com.android.server.wm.ActivityRecord.setVisibility:392 com.android.server.wm.TaskFragment.resumeTopActivity:1735 com.android.server.wm.Task.resumeTopActivityInnerLocked:98 
07-14 20:41:00.808  2971  5622 D SGM:FgCheckThread:   sendRunningComponentFocus(), pkgName: com.example.soma_ai_new, userId: 0
07-14 20:41:00.808  2971  5622 D InputDispatcher: Focused application(0): ActivityRecord{f413a86 u0 com.example.soma_ai_new/.MainActivity t27495}
07-14 20:41:00.809  2971  4438 D SGM:FgCheckThread: onLooperPrepared(), msg: MSG_TASK_FOCUSED, pkgName: com.example.soma_ai_new, userId: 0
07-14 20:41:00.809  2971  4438 D SGM:FgCheckThread:   handleTaskFocused(), pkgName: com.example.soma_ai_new, userID:0 mResumedPkgMap does not containsKey.
07-14 20:41:00.809  2971  5622 D WindowManager: Changing focus from Window{3cd257a u95 com.example.soma_ai_new/com.example.soma_ai_new.MainActivity} to null displayId=0 Callers=com.android.server.wm.ActivityTaskManagerService.setLastResumedActivityUncheckLocked:264 com.android.server.wm.ActivityTaskSupervisor.updateTopResumedActivityIfNeeded:50 com.android.server.wm.TaskFragment.setResumedActivity:29 com.android.server.wm.ActivityRecord.setState:104 
07-14 20:41:00.810  2971  5622 D ActivityTaskManager: scheduleTopResumedActivityChanged, onTop=true, r=ActivityRecord{f413a86 u0 com.example.soma_ai_new/.MainActivity t27495}, caller=com.android.server.wm.ActivityTaskSupervisor.updateTopResumedActivityIfNeeded:62 com.android.server.wm.TaskFragment.setResumedActivity:29 com.android.server.wm.ActivityRecord.setState:104 com.android.server.wm.TaskFragment.resumeTopActivity:1817 com.android.server.wm.Task.resumeTopActivityInnerLocked:98 com.android.server.wm.Task.resumeTopActivityUncheckedLocked:23 
07-14 20:41:00.811  2971  5622 V WindowManager: Collecting in transition 13491: ActivityRecord{5439866 u95 com.example.soma_ai_new/.MainActivity t27494}, caller=com.android.server.wm.TransitionController.collect:7 com.android.server.wm.ActivityRecord.setVisibility:189 com.android.server.wm.ActivityRecord.makeInvisible:39 com.android.server.wm.EnsureActivitiesVisibleHelper.process:637 com.android.server.wm.TaskFragment.updateActivityVisibilities:12 
07-14 20:41:00.811  2971  5622 D WindowManager: prepareSync <SYNC_STATE_WAITING_FOR_DRAW>, mPrepareSyncSeqId=0, win=Window{3cd257a u95 com.example.soma_ai_new/com.example.soma_ai_new.MainActivity}
07-14 20:41:00.812  2971  5622 D WindowManager: rotationForOrientation, orientationSource=ActivityRecord{f413a86 u0 com.example.soma_ai_new/.MainActivity t27495}
07-14 20:41:00.813  2971  5622 D WindowManagerServiceExt: updateTaskbarTargetIfNeeded: cn=ComponentInfo{com.example.soma_ai_new/com.example.soma_ai_new.MainActivity} occludesParent=true isInSplitScreenMode=false styleFloating=false
07-14 20:41:00.814  5549  5549 D VRI[MainActivity]@21fafab: WindowStopped on com.example.soma_ai_new/com.example.soma_ai_new.MainActivity set to false
07-14 20:41:00.818  2971  6350 V WindowManager: addWindow: ActivityRecord{f413a86 u0 com.example.soma_ai_new/.MainActivity t27495} startingWindow=Window{4c4373a u0 SnapshotStartingWindow for taskId=27495}
07-14 20:41:00.818  2971  3496 D WindowManager: rotationForOrientation, orientationSource=ActivityRecord{f413a86 u0 com.example.soma_ai_new/.MainActivity t27495}
07-14 20:41:00.818  4883  4936 D WindowManagerShell: onActivityRestartAttempt: ComponentInfo{com.example.soma_ai_new/com.example.soma_ai_new.MainActivity}
07-14 20:41:00.820  2971  3500 D BLASTSyncEngine: SyncGroup 13491:  Unfinished container: ActivityRecord{f413a86 u0 com.example.soma_ai_new/.MainActivity t27495} mSyncState=2
07-14 20:41:00.821  2971  3496 D WindowManager: rotationForOrientation, orientationSource=ActivityRecord{f413a86 u0 com.example.soma_ai_new/.MainActivity t27495}
07-14 20:41:00.825  2971  5668 D BLASTSyncEngine: SyncGroup 13491:  Unfinished container: ActivityRecord{f413a86 u0 com.example.soma_ai_new/.MainActivity t27495} mSyncState=2
07-14 20:41:00.826  2971  3499 D SGM:FgCheckThread: notePauseComponent(), received pkgName: com.example.soma_ai_new, userId: 95
07-14 20:41:00.826  2971  3499 D SGM:FgCheckThread: notePauseComponent(), received pkgName: com.example.soma_ai_new, userId: 95
07-14 20:41:00.826  2971  3499 D SGM:FgCheckThread: notifyFocusInOut(). of pkg: com.example.soma_ai_new, type: 20, isSecGameFamily: false, userId: 95
07-14 20:41:00.827  2971  3499 D SGM:GameManager: identifyGamePackage. com.example.soma_ai_new, mCurrentUserId: 0, callerUserId: 0, callingMethodInfo: com.samsung.android.game.SemGameManager.isGamePackage(SemGameManager.java:105)
07-14 20:41:00.827  2971  3499 D SGM:SemGameManager: isGamePackage(), pkgName=com.example.soma_ai_new, ret=false
07-14 20:41:00.828  2971  3500 V WindowManager: Start calculating TransitionInfo based on participants: {ActivityRecord{5439866 u95 com.example.soma_ai_new/.MainActivity t27494}, Task{83eef47 #27495 type=standard A=10992:com.example.soma_ai_new}, ActivityRecord{8dacde2 u0 com.example.soma_ai_new/.MainActivity t-1}, ActivityRecord{f413a86 u0 com.example.soma_ai_new/.MainActivity t27495}}
07-14 20:41:00.828  2971  3500 V WindowManager:   Final targets: [Task{83eef47 #27495 type=standard A=10992:com.example.soma_ai_new}, Task{2cef454 #27494 type=standard A=9510992:com.example.soma_ai_new}]
07-14 20:41:00.830  2971  3500 I SurfaceControlRegistry: show, t=StartTransaction_SyncId<13491> sc=ActivityRecord{f413a86 u0 com.example.soma_ai_new/.MainActivity t27495}, caller=android.view.SurfaceControl$Transaction.show:3232 com.android.server.wm.Transition.onTransactionReady:2273 com.android.server.wm.BLASTSyncEngine$SyncGroup.finishNow:195 com.android.server.wm.BLASTSyncEngine.onSurfacePlacement:269 com.android.server.wm.RootWindowContainer.performSurfacePlacementNoTrace:471 com.android.server.wm.RootWindowContainer.performSurfacePlacement:9 
07-14 20:41:00.830  2971  3500 V WindowManager:         {WCT{RemoteToken{2413a70 Task{83eef47 #27495 type=standard A=10992:com.example.soma_ai_new}}} m=TO_FRONT f=MOVE_TO_TOP leash=Surface(name=Task=27495)/@0x3bf5222 sb=Rect(0, 0 - 1080, 2340) eb=Rect(0, 0 - 1080, 2340) d=0 taskParent=-1 inset=Rect(0, 74 - 0, 135) dim=true},
07-14 20:41:00.830  2971  3500 V WindowManager:         {WCT{RemoteToken{f69504e Task{2cef454 #27494 type=standard A=9510992:com.example.soma_ai_new}}} m=TO_BACK f=NONE leash=Surface(name=Task=27494)/@0x11c1150 sb=Rect(0, 0 - 1080, 2340) eb=Rect(0, 0 - 1080, 2340) d=0 taskParent=-1 inset=Rect(0, 74 - 0, 135)}
07-14 20:41:00.834  2108  2108 I SurfaceFlinger: [4c4373a SnapshotStartingWindow for taskId=27495#238839] attach to parent LayerHierarchy{RequestedLayerState{ActivityRecord{f413a86 u0 com.example.soma_ai_new/.MainActivity t27495}#238651 parentId=238650} 4 children}
07-14 20:41:00.836  2108  2266 D RenderEngine: [SEC_SF_EFFECTS] drawLayersInternal,1299, Rendering layer com.example.soma_ai_new/com.example.soma_ai_new.MainActivity$_4988#238823 at index 1
07-14 20:41:00.845  2971  3495 V WindowManager: Sent Transition (#13491) createdAt=07-14 20:41:00.796 via request=TransitionRequestInfo { type = OPEN, triggerTask = TaskInfo{userId=0 taskId=27495 displayId=0 isRunning=true baseIntent=Intent { act=android.intent.action.MAIN cat=[android.intent.category.LAUNCHER] flg=0x10200000 cmp=com.example.soma_ai_new/.MainActivity } baseActivity=ComponentInfo{com.example.soma_ai_new/com.example.soma_ai_new.MainActivity} topActivity=ComponentInfo{com.example.soma_ai_new/com.example.soma_ai_new.MainActivity} origActivity=null realActivity=ComponentInfo{com.example.soma_ai_new/com.example.soma_ai_new.MainActivity} numActivities=1 lastActiveTime=1174696809 supportsMultiWindow=true resizeMode=1 isResizeable=true minWidth=-1 minHeight=-1 maxWidth=-1 maxHeight=-1 defaultMinSize=220 token=WCT{RemoteToken{2413a70 Task{83eef47 #27495 type=standard A=10992:com.example.soma_ai_new}}} topActivityType=1 pictureInPictureParams=null shouldDockBigOverlays=false launchIntoPipHostTaskId=-1 lastParentTaskIdBeforePip=-1 displayCutoutSafeInsets=Rect(0, 74 - 0, 0) topActivityInfo=ActivityInfo{2101fa0 com.example.soma_ai_new.MainActivity} launchCookies=[android.os.BinderProxy@7747cd0] positionInParent=Point(0, 0) parentTaskId=-1 isFocused=false isVisible=false isVisibleRequested=false isSleeping=false topActivityInSizeCompat=false locusId=null displayAreaFeatureId=1 isTopActivityTransparent=false isTopActivityStyleFloating=false appCompatTaskInfo=AppCompatTaskInfo { topActivityInSizeCompat=false eligibleForLetterboxEducation= false isLetterboxEducationEnabled= false isLetterboxDoubleTapEnabled= false eligibleForUserAspectRatioButton= false topActivityBoundsLetterboxed= false isFromLetterboxDoubleTap= false topActivityLetterboxVerticalPosition= -1 topActivityLetterboxHorizontalPosition= -1 topActivityLetterboxWidth=1080 topActivityLetterboxHeight=2340 topActivityLetterboxAppWidth=1080 topActivityLetterboxAppHeight=2131 isUserFullscreenOverrideEnabled=false isSystemFullscreenOverrideEnabled=false hasMinAspectRatioOverride=false cameraCompatTaskInfo=CameraCompatTaskInfo { freeformCameraCompatMode=inactive} topActivityBounds=null topActivityInDisplayCompat=false} originallySupportedMultiWindow=true hasWallpaper=false rootAffinity=10992:com.example.soma_ai_new isTopTaskInStage=false topActivityUiMode=33 CoverLauncherWidgetTask=false isAllowedSeamlessRotation=false isTopTransparentActivity=false snappingGuideBounds=Rect(81, 554 - 999, 1724) isAliasManaged=false hasConfigChanged=false isAiKeyRemoveAppTask=false}, pipTask = null, remoteTransition = null, displayChange = null, flags = 0, debugId = 13491 }
07-14 20:41:00.845  2971  3495 V WindowManager:         {WCT{RemoteToken{2413a70 Task{83eef47 #27495 type=standard A=10992:com.example.soma_ai_new}}} m=TO_FRONT f=MOVE_TO_TOP leash=Surface(name=Task=27495)/@0x3bf5222 sb=Rect(0, 0 - 1080, 2340) eb=Rect(0, 0 - 1080, 2340) d=0 taskParent=-1 inset=Rect(0, 74 - 0, 135) dim=true},
07-14 20:41:00.845  2971  3495 V WindowManager:         {WCT{RemoteToken{f69504e Task{2cef454 #27494 type=standard A=9510992:com.example.soma_ai_new}}} m=TO_BACK f=NONE leash=Surface(name=Task=27494)/@0x11c1150 sb=Rect(0, 0 - 1080, 2340) eb=Rect(0, 0 - 1080, 2340) d=0 taskParent=-1 inset=Rect(0, 74 - 0, 135)}
07-14 20:41:00.847  2971  3500 D InsetsSourceProvider: updateControlForTarget: control=InsetsSourceControl: {bff80001 mType=navigationBars initiallyVisible mSurfacePosition=Point(0, 2205) mInsetsHint=Insets{left=0, top=0, right=0, bottom=135}}, target=Window{cdc10d5 u0 com.example.soma_ai_new/com.example.soma_ai_new.MainActivity}, from=com.android.server.wm.InsetsStateController.onControlTargetChanged:81 com.android.server.wm.InsetsPolicy.updateBarControlTarget:188 com.android.server.wm.DisplayPolicy.updateSystemBarAttributes:269 com.android.server.wm.DisplayPolicy.finishPostLayoutPolicyLw:17 com.android.server.wm.RootWindowContainer.applySurfaceChangesTransaction$1:194 
07-14 20:41:00.847  2971  3500 D InsetsSourceProvider: updateControlForTarget: control=InsetsSourceControl: {a9320000 mType=statusBars initiallyVisible mSurfacePosition=Point(0, 0) mInsetsHint=Insets{left=0, top=74, right=0, bottom=0}}, target=Window{cdc10d5 u0 com.example.soma_ai_new/com.example.soma_ai_new.MainActivity}, from=com.android.server.wm.InsetsStateController.onControlTargetChanged:81 com.android.server.wm.InsetsPolicy.updateBarControlTarget:175 com.android.server.wm.DisplayPolicy.updateSystemBarAttributes:269 com.android.server.wm.DisplayPolicy.finishPostLayoutPolicyLw:17 com.android.server.wm.RootWindowContainer.applySurfaceChangesTransaction$1:194 
07-14 20:41:00.848  2971  3499 D SGM:FgCheckThread: noteResumeComponent(), received pkgName: com.example.soma_ai_new, userId: 0
07-14 20:41:00.848  8202 11762 I SDHMS:l : handleResumeComponent : put = com.example.soma_ai_new, userid = 0 instanceid =176877725
07-14 20:41:00.849  2971  4438 D SGM:FgCheckThread: onLooperPrepared(), msg: MSG_APP_RESUME, pkgName: com.example.soma_ai_new, userid: 0
07-14 20:41:00.849  2971  4438 D SGM:FgCheckThread:   handleResume(). pkgName: com.example.soma_ai_new, userId: 0, category: non-game
07-14 20:41:00.849  2971  4438 D SGM:FgCheckThread: notifyFocusInOut(). of pkg: com.example.soma_ai_new, type: 4, isSecGameFamily: false, userId: 0
07-14 20:41:00.849  2971  6562 V WindowManager: Relayout Window{cdc10d5 u0 com.example.soma_ai_new/com.example.soma_ai_new.MainActivity}: viewVisibility=0 req=1080x2340 ty=1 d0
07-14 20:41:00.850  2108  4483 I SurfaceFlinger: id=238845 createSurf, flag=44004, com.example.soma_ai_new/com.example.soma_ai_new.MainActivity$_5549#238845
07-14 20:41:00.850  2971  6562 D WindowManager: makeSurface duration=0 name=com.example.soma_ai_new/com.example.soma_ai_new.MainActivity$_5549
07-14 20:41:00.850  5342  5342 I HoneySpace.EdgePanel.EdgeContainerViewModel: cocktailHostRepository.edgePanelOperation NoteResumeComponent(componentName=ComponentInfo{com.example.soma_ai_new/com.example.soma_ai_new.MainActivity})
07-14 20:41:00.851  2971  6562 D WindowManager: Changing focus from null to Window{cdc10d5 u0 com.example.soma_ai_new/com.example.soma_ai_new.MainActivity} displayId=0 Callers=com.android.server.wm.WindowManagerService.relayoutWindowInner:142 com.android.server.wm.WindowManagerService.relayoutWindow:6 com.android.server.wm.Session.relayout:27 android.view.IWindowSession$Stub.onTransact:861 
07-14 20:41:00.851  5342  3729 I HoneySpace.EdgePanel.ActivityUtils: HomePackage : com.sec.android.app.launcher, resumePackageName : com.example.soma_ai_new
07-14 20:41:00.851  2971  6562 V SystemKeyManager: updateFocusedWindow() is called, com.example.soma_ai_new/com.example.soma_ai_new.MainActivity
07-14 20:41:00.851  2971  6562 I SystemKeyManager: requested systemKeyInfo size=1 focusedWindow=com.example.soma_ai_new/com.example.soma_ai_new.MainActivity
07-14 20:41:00.853  5549  5549 I InsetsSourceConsumer: applyRequestedVisibilityToControl: visible=true, type=navigationBars, host=com.example.soma_ai_new/com.example.soma_ai_new.MainActivity
07-14 20:41:00.854  5549  5549 I InsetsSourceConsumer: applyRequestedVisibilityToControl: visible=true, type=statusBars, host=com.example.soma_ai_new/com.example.soma_ai_new.MainActivity
07-14 20:41:00.858  2108  2108 I SurfaceFlinger: [com.example.soma_ai_new/com.example.soma_ai_new.MainActivity$_5549#238845] attach to parent LayerHierarchy{RequestedLayerState{cdc10d5 com.example.soma_ai_new/com.example.soma_ai_new.MainActivity#238683 parentId=238651} 1 children}
07-14 20:41:00.858  2108  2266 D RenderEngine: [SEC_SF_EFFECTS] drawLayersInternal,1299, Rendering layer com.example.soma_ai_new/com.example.soma_ai_new.MainActivity$_4988#238823 at index 1
07-14 20:41:00.862  2108  4483 I SurfaceFlinger: [com.example.soma_ai_new/com.example.soma_ai_new.MainActivity$_5549#238845] setTransactionState with the first frame. bufferData(ID: 23832773525527, frameNumber: 1)
07-14 20:41:00.864  2971  6383 D InputDispatcher: Focus left window (0): 3cd257a com.example.soma_ai_new/com.example.soma_ai_new.MainActivity
07-14 20:41:00.864  2971  5279 D WindowManager: finishDrawingWindow: Window{cdc10d5 u0 com.example.soma_ai_new/com.example.soma_ai_new.MainActivity} mDrawState=DRAW_PENDING seqId=0
07-14 20:41:00.865  2971  3196 D SGM:GameManager: identifyForegroundApp. com.example.soma_ai_new, mCurrentUserId: 0, callerUserId: 0
07-14 20:41:00.866  2971  3500 V WindowManager: Finish starting ActivityRecord{f413a86 u0 com.example.soma_ai_new/.MainActivity t27495}: first real window is shown, no animation
07-14 20:41:00.866  2971  3500 I ActivityTaskManager: done cause=notifyWindowsDrawn timestamp=577015641288268 info=TransitionInfo{9226f51 a=ActivityRecord{f413a86 u0 com.example.soma_ai_new/.MainActivity t27495} d=true}
07-14 20:41:00.866  2971  3500 V WindowManager: performShowLocked: mDrawState=HAS_DRAWN in Window{cdc10d5 u0 com.example.soma_ai_new/com.example.soma_ai_new.MainActivity}
07-14 20:41:00.866  2971  3495 W ziparchive: Unable to open '/data/app/~~vHdqUEqXN8_X6nBC7ib8JA==/com.example.soma_ai_new-GF__zQtq7CVDjXbNdXmgqg==/base.dm': No such file or directory
07-14 20:41:00.869  2971  3495 I PkgPredictorService-SecIpmManagerServiceImpl: reportToNAP uid:10992 com.example.soma_ai_new/com.example.soma_ai_new.MainActivity thisTime:73
07-14 20:41:00.870  2971  8559 D SGM:GameManager: identifyGamePackage. com.example.soma_ai_new, mCurrentUserId: 0, callerUserId: 0, callingMethodInfo: com.samsung.android.game.IGameManagerService$Stub.onTransact(IGameManagerService.java:228)
07-14 20:41:00.883  2971  8559 V WindowManager: Schedule remove starting ActivityRecord{f413a86 u0 com.example.soma_ai_new/.MainActivity t27495} startingWindow=Window{4c4373a u0 SnapshotStartingWindow for taskId=27495} animate=false Callers=com.android.server.wm.ActivityRecord.onSyncTransactionCommitted:19 com.android.server.wm.BLASTSyncEngine$SyncGroup$1CommitCallback.onCommitted:54 com.android.server.wm.BLASTSyncEngine$SyncGroup$$ExternalSyntheticLambda0.onTransactionCommitted:8 android.view.SurfaceControl$Transaction$$ExternalSyntheticLambda4.run:0 com.android.server.SystemServerInitThreadPool$$ExternalSyntheticLambda0.execute:1 
07-14 20:41:00.888  2108  2108 I SurfaceFlinger: Layer [com.example.soma_ai_new/com.example.soma_ai_new.MainActivity$_5549#238845] hidden!! flag(0)
07-14 20:41:00.888  2108  2437 D SurfaceFlinger: [input] setFocusedWindow: cdc10d5 com.example.soma_ai_new/com.example.soma_ai_new.MainActivity
07-14 20:41:00.889  2971  8559 D InputDispatcher: Once focus requested (0): cdc10d5 com.example.soma_ai_new/com.example.soma_ai_new.MainActivity
07-14 20:41:00.889  2971  8559 D InputDispatcher: Focus request (0): cdc10d5 com.example.soma_ai_new/com.example.soma_ai_new.MainActivity but waiting because NOT_VISIBLE
07-14 20:41:00.897  2971  4358 D InputDispatcher: Focus entered window (0): cdc10d5 com.example.soma_ai_new/com.example.soma_ai_new.MainActivity
07-14 20:41:00.901  2971  4432 I ImeTracker: com.example.soma_ai_new:e408f910: onRequestHide at ORIGIN_SERVER reason HIDE_UNSPECIFIED_WINDOW fromUser false
07-14 20:41:00.901  2971  4432 I ImeTracker: com.example.soma_ai_new:e408f910: onCancelled at PHASE_SERVER_SHOULD_HIDE
07-14 20:41:00.905  2971  8559 D InsetsSourceProvider: updateControlForTarget: control=InsetsSourceControl: {3 mType=ime mSurfacePosition=Point(0, 74) mInsetsHint=Insets{left=0, top=0, right=0, bottom=1008}}, target=Window{cdc10d5 u0 com.example.soma_ai_new/com.example.soma_ai_new.MainActivity}, from=com.android.server.wm.ImeInsetsSourceProvider.updateControlForTarget:17 com.android.server.wm.InsetsStateController.onControlTargetChanged:81 com.android.server.wm.DisplayContent.updateImeControlTarget:21 com.android.server.wm.DisplayContent.updateImeInputAndControlTarget:81 com.android.server.wm.WindowManagerService$LocalService.updateInputMethodTargetWindow:21 
07-14 20:41:00.905  2108  2108 D SurfaceFlinger:        DEVICE |   0xb4000075e647d180 | 0001 | RGBA_8888    |   15.0    0.0 1080.0 2340.0 |    0    0 1065 2340 | com.example.soma_ai_new/com.example.soma_ai_new.MainActivity$_4988#238823 (2)
07-14 20:41:00.905  2108  2108 D SurfaceFlinger:        DEVICE |   0xb4000075e645ce00 | 0001 | RGBA_8888    |    0.0    0.0   49.0 2340.0 | 1031    0 1080 2340 | com.example.soma_ai_new/com.example.soma_ai_new.MainActivity$_5549#238845 (1)
07-14 20:41:00.912  9738  9738 I HBD     : c [AiWriter] setContact : com.example.soma_ai_new
07-14 20:41:00.915  5549  5549 I InsetsSourceConsumer: applyRequestedVisibilityToControl: visible=false, type=ime, host=com.example.soma_ai_new/com.example.soma_ai_new.MainActivity
07-14 20:41:00.922  2108  2108 I SurfaceFlinger: [LayerHierarchy{RequestedLayerState{ImeContainer#16 parentId=238651 relativeParentId=238651 z=3} 1 children}] reparent to LayerHierarchy{RequestedLayerState{ActivityRecord{f413a86 u0 com.example.soma_ai_new/.MainActivity t27495}#238651 parentId=238650} 5 children}
07-14 20:41:00.983  2971  4665 D MdnieScenarioControlService:  packageName : com.example.soma_ai_new    className : com.example.soma_ai_new.MainActivity
07-14 20:41:00.985  2971  8559 I WindowManager: Reparenting to leash, surface=Surface(name=4c4373a SnapshotStartingWindow for taskId=27495)/@0x9efda7, syncState=0, syncCommitDepth=0, leashParent=Surface(name=ActivityRecord{f413a86 u0 com.example.soma_ai_new/.MainActivity t27495})/@0x48dee8c
07-14 20:41:00.988  2108  2108 I SurfaceFlinger: [Surface(name=4c4373a SnapshotStartingWindow for taskId=27495)/@0x9efda7 - animation-leash of window_animation#238849] attach to parent LayerHierarchy{RequestedLayerState{ActivityRecord{f413a86 u0 com.example.soma_ai_new/.MainActivity t27495}#238651 parentId=238650} 6 children}
07-14 20:41:01.139  2971  3500 I WindowManager: Reparenting to original parent: Surface(name=ActivityRecord{f413a86 u0 com.example.soma_ai_new/.MainActivity t27495})/@0x48dee8c, destroy=true, syncState=0, syncCommitDepth=0, surface=Surface(name=4c4373a SnapshotStartingWindow for taskId=27495)/@0x9efda7
07-14 20:41:01.148  2108  2108 D SurfaceFlinger:        DEVICE |   0xb4000075e647d180 | 0001 | RGBA_8888    |  322.0    0.0 1080.0 2340.0 |    0    0  758 2340 | com.example.soma_ai_new/com.example.soma_ai_new.MainActivity$_4988#238823 (2)
07-14 20:41:01.148  2108  2108 D SurfaceFlinger:        DEVICE |   0xb4000075e645ce00 | 0001 | RGBA_8888    |    0.0    0.0 1031.0 2340.0 |   49    0 1080 2340 | com.example.soma_ai_new/com.example.soma_ai_new.MainActivity$_5549#238845 (1)
07-14 20:41:01.155  2108  2108 I SurfaceFlinger: [LayerHierarchy{RequestedLayerState{ImeContainer#16 parentId=238651 relativeParentId=238683 z=1} 1 children}] RelativeParent to LayerHierarchy{RequestedLayerState{cdc10d5 com.example.soma_ai_new/com.example.soma_ai_new.MainActivity#238683 parentId=238651} 2 children}
07-14 20:41:01.332  2108  2108 D SurfaceFlinger:        DEVICE |   0xb4000075e645ce00 | 0001 | RGBA_8888    |    0.0    0.0 1080.0 2340.0 |    0    0 1080 2340 | com.example.soma_ai_new/com.example.soma_ai_new.MainActivity$_5549#238845 (1)
07-14 20:41:01.337  2971  4358 V WindowManager: Setting visibility of Window{3cd257a u95 com.example.soma_ai_new/com.example.soma_ai_new.MainActivity}: false, caller=com.android.server.wm.WindowContainer.sendAppVisibilityToClients:19 com.android.server.wm.WindowToken.setClientVisible:49 com.android.server.wm.ActivityRecord.setClientVisible:8 com.android.server.wm.ActivityRecord.commitVisibility:273 com.android.server.wm.TransitionController.finishTransition:766 
07-14 20:41:01.338  2971  4358 D PersonaActivityHelper: token.toString()  Token{d87cffd ActivityRecord{5439866 u95 com.example.soma_ai_new/.MainActivity t27494}}
07-14 20:41:01.338  2971  4358 D PersonaActivityHelper: token.toString()  Token{a8af09d ActivityRecord{f413a86 u0 com.example.soma_ai_new/.MainActivity t27495}}
07-14 20:41:01.344  2971  8559 V WindowManager: Relayout Window{3cd257a u95 com.example.soma_ai_new/com.example.soma_ai_new.MainActivity}: viewVisibility=8 req=1080x2340 ty=1 d0
07-14 20:41:01.347  2108  2108 I SurfaceFlinger: Layer [com.example.soma_ai_new/com.example.soma_ai_new.MainActivity$_4988#238823] hidden!! flag(1)
07-14 20:41:01.358  4988  4988 D VRI[MainActivity]@3fd8d28: WindowStopped on com.example.soma_ai_new/com.example.soma_ai_new.MainActivity set to true
07-14 20:41:01.368  2971  8559 E WindowManager: win=Window{3cd257a u95 com.example.soma_ai_new/com.example.soma_ai_new.MainActivity} destroySurfaces: appStopped=true cleanupOnResume=false win.mWindowRemovalAllowed=false win.mRemoveOnExit=false win.mViewVisibility=8 caller=com.android.server.wm.ActivityRecord.destroySurfaces:25 com.android.server.wm.ActivityRecord.activityStopped:204 com.android.server.wm.ActivityClientController.activityStopped:95 android.app.IActivityClientController$Stub.onTransact:722 com.android.server.wm.ActivityClientController.onTransact:1 android.os.Binder.execTransactInternal:1541 android.os.Binder.execTransact:1480 
07-14 20:41:01.368  2971  3499 D SGM:FgCheckThread: getForegroundApp(), foregroundPkgName=com.example.soma_ai_new
07-14 20:41:01.368  2971  8559 I WindowManager: Destroying surface Surface(name=com.example.soma_ai_new/com.example.soma_ai_new.MainActivity$_4988)/@0x7efa1bb called by com.android.server.wm.WindowStateAnimator.destroySurface:11 com.android.server.wm.WindowStateAnimator.destroySurfaceLocked:54 com.android.server.wm.WindowState.destroySurfaceUnchecked:5 com.android.server.wm.WindowState.destroySurface:126 com.android.server.wm.ActivityRecord.destroySurfaces:25 com.android.server.wm.ActivityRecord.activityStopped:204 com.android.server.wm.ActivityClientController.activityStopped:95 android.app.IActivityClientController$Stub.onTransact:722 
07-14 20:41:01.369  2971  3499 D SGM:FgCheckThread: pkgName: com.example.soma_ai_new is in foreground
07-14 20:41:01.372  2108  2108 I SurfaceFlinger: [LayerHierarchy{RequestedLayerState{com.example.soma_ai_new/com.example.soma_ai_new.MainActivity$_4988#238823} no children}] reparent to OffscreenRoot
07-14 20:41:01.372  2108  2108 I SurfaceFlinger: [LayerHierarchy{RequestedLayerState{com.example.soma_ai_new/com.example.soma_ai_new.MainActivity$_4988#238823} no children}] RelativeParent to null
07-14 20:41:01.373  2108  2479 I SurfaceFlinger: id=238823 Removed com.example.soma_ai_new/com.example.soma_ai_new.MainActivity$_4988#238823 (162)
07-14 20:41:01.375  2971  3496 D PkgPredictorService-SecIpmManagerServiceImpl: bg information pid:4988 uid:9510992 pkgName:com.example.soma_ai_new
07-14 20:41:01.381  2108  2108 I SurfaceFlinger: destroyed com.example.soma_ai_new/com.example.soma_ai_new.MainActivity$_4988#238823
07-14 20:41:01.382  2108  2108 I Layer   : id=238823 Destroyed com.example.soma_ai_new/com.example.soma_ai_new.MainActivity$_4988#238823
07-14 20:41:01.405  2971  3499 D SGM:GameManager: identifyForegroundApp. com.example.soma_ai_new, mCurrentUserId: 0, callerUserId: 0
07-14 20:41:01.490  2971  5578 D FreecessController: com.example.soma_ai_new(9510992) is important[2]
07-14 20:41:01.504  2971  4665 D MdnieScenarioControlService:  packageName : com.example.soma_ai_new    className : com.example.soma_ai_new.MainActivity
07-14 20:41:01.633  2108  2108 I LayerHistory: com.example.soma_ai_new/com.example.soma_ai_new.MainActivity$_5549#238845 Max (can't resolve refresh rate)
07-14 20:41:02.302  2108  2108 I SurfaceFlinger: [com.example.soma_ai_new/com.example.soma_ai_new.MainActivity$_5549#238845] setFrameRateCategory: HighHint
07-14 20:41:02.891  2971  5578 D FreecessController: com.example.soma_ai_new(10992) is important[12]
07-14 20:41:03.105  2108  2108 I LayerHistory: com.example.soma_ai_new/com.example.soma_ai_new.MainActivity$_5549#238845 Max (can't resolve refresh rate)
07-14 20:41:04.529  2108  2266 D RenderEngine: [SEC_SF_EFFECTS] drawLayersInternal,1299, Rendering layer com.example.soma_ai_new/com.example.soma_ai_new.MainActivity$_5549#238845 at index 1
07-14 20:41:05.575  2108  2108 I SurfaceFlinger: [com.example.soma_ai_new/com.example.soma_ai_new.MainActivity$_5549#238845] setFrameRateCategory: NoPreference
