07-15 14:16:06.641  2971  5668 I WindowManager: Destroying surface Surface(name=com.example.soma_ai_new/com.example.soma_ai_new.MainActivity$_17770)/@0xb531500 called by com.android.server.wm.WindowStateAnimator.destroySurface:11 com.android.server.wm.WindowStateAnimator.destroySurfaceLocked:54 com.android.server.wm.WindowState.removeImmediately:43 com.android.server.wm.WindowContainer.removeImmediately:37 com.android.server.wm.WindowToken.removeImmediately:11 com.android.server.wm.ActivityRecord.removeImmediately:61 com.android.server.wm.ActivityRecord.removeIfPossible:7 com.android.server.wm.ActivityRecord.onRemovedFromDisplay:499 
07-15 14:16:06.642  2108  2249 I SurfaceFlinger: id=249654 Removed 594dd1b ActivityRecordInputSink com.example.soma_ai_new/.MainActivity#249654 (188)
07-15 14:16:06.652  2108  2108 I SurfaceFlinger: [LayerHierarchy{RequestedLayerState{com.example.soma_ai_new/com.example.soma_ai_new.MainActivity$_17770#249657} no children}] reparent to OffscreenRoot
07-15 14:16:06.652  2108  2108 I SurfaceFlinger: [LayerHierarchy{RequestedLayerState{com.example.soma_ai_new/com.example.soma_ai_new.MainActivity$_17770#249657} no children}] RelativeParent to null
07-15 14:16:06.652  2108  2108 I SurfaceFlinger: [LayerHierarchy{RequestedLayerState{a2638aa com.example.soma_ai_new/com.example.soma_ai_new.MainActivity#249656} no children}] reparent to OffscreenRoot
07-15 14:16:06.652  2108  2108 I SurfaceFlinger: [LayerHierarchy{RequestedLayerState{a2638aa com.example.soma_ai_new/com.example.soma_ai_new.MainActivity#249656} no children}] RelativeParent to null
07-15 14:16:06.652  2108  2108 I SurfaceFlinger: [LayerHierarchy{RequestedLayerState{ActivityRecord{c030491 u95 com.example.soma_ai_new/.MainActivity t27603}#249646} 1 children}] reparent to OffscreenRoot
07-15 14:16:06.652  2108  2108 I SurfaceFlinger: [LayerHierarchy{RequestedLayerState{ActivityRecord{c030491 u95 com.example.soma_ai_new/.MainActivity t27603}#249646} 1 children}] RelativeParent to null
07-15 14:16:06.652  2108  2108 I SurfaceFlinger: id=249646 Removed ActivityRecord{c030491 u95 com.example.soma_ai_new/.MainActivity t27603}#249646 (186)
07-15 14:16:06.652  2108  2108 I SurfaceFlinger: id=249656 Removed a2638aa com.example.soma_ai_new/com.example.soma_ai_new.MainActivity#249656 (186)
07-15 14:16:06.652  2108  2108 I SurfaceFlinger: id=249657 Removed com.example.soma_ai_new/com.example.soma_ai_new.MainActivity$_17770#249657 (186)
07-15 14:16:06.660  2108  2108 I SurfaceFlinger: destroyed com.example.soma_ai_new/com.example.soma_ai_new.MainActivity$_17770#249657
07-15 14:16:06.660  2108  2108 I SurfaceFlinger: destroyed a2638aa com.example.soma_ai_new/com.example.soma_ai_new.MainActivity#249656
07-15 14:16:06.660  2108  2108 I SurfaceFlinger: destroyed ActivityRecord{c030491 u95 com.example.soma_ai_new/.MainActivity t27603}#249646
07-15 14:16:06.660  2108  2108 I SurfaceFlinger: destroyed 594dd1b ActivityRecordInputSink com.example.soma_ai_new/.MainActivity#249654
07-15 14:16:06.660  2108  2108 I Layer   : id=249654 Destroyed 594dd1b ActivityRecordInputSink com.example.soma_ai_new/.MainActivity#249654
07-15 14:16:06.660  2108  2108 I Layer   : id=249656 Destroyed a2638aa com.example.soma_ai_new/com.example.soma_ai_new.MainActivity#249656
07-15 14:16:06.661  2108  2108 I Layer   : id=249657 Destroyed com.example.soma_ai_new/com.example.soma_ai_new.MainActivity$_17770#249657
07-15 14:16:06.661  2108  2108 I Layer   : id=249646 Destroyed ActivityRecord{c030491 u95 com.example.soma_ai_new/.MainActivity t27603}#249646
07-15 14:16:06.762  2971  2971 I DomainFilter: packageRemoved() - packageName: com.example.soma_ai_new uid: 0
07-15 14:16:06.766  2971  4663 D LocationManagerService: package com.example.soma_ai_new reset
07-15 14:16:06.767  2971  2971 I Telecom : CarModeTracker: Package com.example.soma_ai_new is not tracked.: SSH.oR@o3A
07-15 14:16:06.768  2971  4884 I Pageboost: remove app @ runtime : com.example.soma_ai_new
07-15 14:16:06.772  2971  2971 I ConditionProviders: Disallowing condition provider com.example.soma_ai_new (userSet: true)
07-15 14:16:06.966  2971  4400 D SEP_UNION_SemDeviceInfoManagerService: Package com.example.soma_ai_new is removed on User 95 
07-15 14:16:06.969  2971  2971 D EnterpriseLicenseService: isPackageInstalled() - com.example.soma_ai_new not found in user 0
07-15 14:16:06.969  2971  2971 D EnterpriseLicenseService: isPackageInstalled() - com.example.soma_ai_new not found in user 95
07-15 14:16:06.969  2971  2971 D EnterpriseLicenseService: isPackageInstalled() - com.example.soma_ai_new not found in user 150
07-15 14:16:06.970  2971  4400 D SEP_UNION_SemDeviceInfoManagerService: Package com.example.soma_ai_new is removed on User 0 
07-15 14:16:06.971  2971  4375 I RollbackManager: broadcast=ACTION_PACKAGE_FULLY_REMOVED pkg=com.example.soma_ai_new
07-15 14:16:06.975  2971  4633 W WifiService: Couldn't get PackageInfo for package:com.example.soma_ai_new
07-15 14:16:06.975  2971  4633 D WifiService: Remove settings for package:com.example.soma_ai_new
07-15 14:16:06.975  2971  4633 D WifiConfigManager: Remove all networks for app ApplicationInfo{982dca5 com.example.soma_ai_new}
07-15 14:16:06.975  2971  4633 I PasspointManager: No app ops listener found for com.example.soma_ai_new
07-15 14:16:06.976  2971  4375 I RollbackManager: broadcast=ACTION_PACKAGE_FULLY_REMOVED pkg=com.example.soma_ai_new
07-15 14:16:06.976  5579  5708 I PackageInfoManager_FLP: action : ACTION_PACKAGE_REMOVED, packageName = com.example.soma_ai_new
07-15 14:16:06.988  2971  2971 D EnterpriseLicenseService: isPackageInstalled() - com.example.soma_ai_new not found in user 0
07-15 14:16:06.988  2971  2971 D EnterpriseLicenseService: isPackageInstalled() - com.example.soma_ai_new not found in user 95
07-15 14:16:06.988  2971  2971 D EnterpriseLicenseService: isPackageInstalled() - com.example.soma_ai_new not found in user 150
07-15 14:16:06.992  2971 20359 I Telecom : SamsungTelecomServiceImpl : clearAccounts - packageName : com.example.soma_ai_new / callingPid : 2971 / processName : sts / callingUser : UserHandle{0}
07-15 14:16:07.011  8169  8416 W DMASA[S]: [LOGWING][b]Get package version failed : com.example.soma_ai_new
07-15 14:16:07.021  8048  8048 W MediaProvider: WorkProfileOwnerApps cache miss for package com.example.soma_ai_new
07-15 14:16:07.026  4883  4883 D KeyguardShortcutManager: onReceive : Intent.EXTRA_REPLACING false, com.example.soma_ai_new
07-15 14:16:07.030  4883  4883 D Navbar.Store: handleEvent(0) OnPackageRemoved(packageName=com.example.soma_ai_new) [Module] NavBarStoreImpl
07-15 14:16:07.033  4883  4883 I GoodLockLifecycle: onPackageRemoved: com.example.soma_ai_new
07-15 14:16:07.036  4883  4883 D FaceWidgetMusicViewModel: onPackageRemoved() pkg = com.example.soma_ai_new, r = false
07-15 14:16:07.036  4883  4883 D SecSTQuickControlRequestReceiver: onReceiveForPackage action = android.intent.action.PACKAGE_REMOVED, pkgName = com.example.soma_ai_new
07-15 14:16:07.062  5477  5477 I Finsky  : [2] AIM: AppInfoCacheUpdater -> invalidating apps: [com.example.soma_ai_new]
07-15 14:16:07.068  2971  3193 W system_server: ApkAssets: Deleting an ApkAssets object '<empty> and /data/app/~~VyL3e5__1Ymrv7zBS47nOw==/com.example.soma_ai_new-sy2ZWz1DT5ztK-vDFrocTg==/base.apk' with 1 weak references
07-15 14:16:07.076  5477  5621 I Finsky  : [53720] AIM: AppInfoManager-Perf > OnDeviceAppInfo > cacheHitCount=0, cacheMissCount=1. Missed  in cache (limit 10) : [com.example.soma_ai_new]
07-15 14:16:07.104 19898 20386 I ProximityAuth: [RecentAppsMediator] Package removed: (user=UserHandle{95}) com.example.soma_ai_new
07-15 14:16:07.117  9293 20399 I ProximityAuth: [RecentAppsMediator] Package removed: (user=UserHandle{0}) com.example.soma_ai_new
07-15 14:16:07.119 17428 17428 D PersistedStoragePackageUninstalledReceiver: Received android.intent.action.PACKAGE_FULLY_REMOVED for com.example.soma_ai_new for u0
07-15 14:16:07.137 19754 19754 I SCS@AiSearch user 0: (PackageBroadcastReceiver) packageName: com.example.soma_ai_new
07-15 14:16:07.137 19754 19754 I SCS@AiSearch user 0: (PackageBroadcastReceiver) Packages changed: com.example.soma_ai_new
07-15 14:16:07.139 19754 19754 I SCS@AiSearch user 0: (PackageBroadcastReceiver) packageName: com.example.soma_ai_new
07-15 14:16:07.139 19754 19754 I SCS@AiSearch user 0: (PackageBroadcastReceiver) Packages changed: com.example.soma_ai_new
07-15 14:16:07.155  4441  4441 I Finsky:background: [2] Package no longer installed: com.example.soma_ai_new
07-15 14:16:07.184  4441  4441 I Finsky:background: [2] Package no longer installed: com.example.soma_ai_new
07-15 14:16:07.185  4441  4441 I Finsky:background: [2] IQ: onPackageRemoved com.example.soma_ai_new, replacing=false, uninstallingFromPlay=false
07-15 14:16:07.208 20363 20440 I ENTM:Systemprocess: handlePackageRemoved().pkgName: com.example.soma_ai_new
07-15 14:16:07.208 20363 20440 I ENTM:Systemprocess: checkELMActivationForPackageRemoved().START - com.example.soma_ai_new
07-15 14:16:07.208  4441  4441 I Finsky:background: [2] Package no longer installed: com.example.soma_ai_new
07-15 14:16:07.214 20363 20440 I ENTM:Systemprocess: checkKLMActivationForPackageRemoved().START - com.example.soma_ai_new
07-15 14:16:07.214  5477 20442 I Finsky  : [54492] Asset module storage cleared for package com.example.soma_ai_new.
07-15 14:16:07.216 20363 20440 I ENTM:DataBaseUtils: isSameTrackerIdInDeviceDB().START: com.example.soma_ai_new
07-15 14:16:07.220  9355 26339 I Icing   : doRemovePackageData com.example.soma_ai_new
07-15 14:16:07.228  5477  5477 W Finsky  : [2] STU: Failed to get storage stats for package 'com.example.soma_ai_new' (1601: Error getting stats: android.content.pm.PackageManager.NameNotFoundException)
07-15 14:16:07.266  9355 20424 W SQLiteLog: (28) double-quoted string literal: "com.example.soma_ai_new"
07-15 14:16:07.331 20363 20440 I ENTM:Systemprocess: handlePackageRemoved().pkgName: com.example.soma_ai_new
07-15 14:16:07.331 20363 20440 I ENTM:Systemprocess: checkELMActivationForPackageRemoved().START - com.example.soma_ai_new
07-15 14:16:07.332 20363 20440 I ENTM:Systemprocess: checkKLMActivationForPackageRemoved().START - com.example.soma_ai_new
07-15 14:16:07.333 20363 20440 I ENTM:DataBaseUtils: isSameTrackerIdInDeviceDB().START: com.example.soma_ai_new
07-15 14:16:07.375  8048  8880 D MediaProvider: Deleted 0 Android/media items belonging to com.example.soma_ai_new on /data/user/0/com.google.android.providers.media.module/databases/external.db
07-15 14:16:07.438 20458 20458 I FILP/PackageIntentReceiver: pkgName : com.example.soma_ai_new
07-15 14:16:07.477 20458 20497 I FILP/FilterInstaller: removeFromFS : com.example.soma_ai_new, cursor size : 0
07-15 14:16:07.495  8048  8880 I FuseDaemon: Successfully deleted rows in leveldb for owner_id:  and ownerPackageIdentifier: com.example.soma_ai_new::0
07-15 14:16:07.497 20458 20497 I FILP/FilterInstaller: Delete all filter DB result : com.example.soma_ai_new, 0
07-15 14:16:07.501 20458 20497 I FILP/FilterInstaller: Delete filter DB result : com.example.soma_ai_new, 0
07-15 14:16:07.501  8048  8880 D MediaGrants: Removed 0 media_grants for 0 user for [com.example.soma_ai_new]. Reason: Package orphaned
07-15 14:16:07.501 20458 20497 I FILP/FilterInstaller: Delete my filter DB result : com.example.soma_ai_new, 0
07-15 14:16:07.503 20458 20497 I FILP/FilterInstaller: uninstallFilters mPackageName: com.example.soma_ai_new
07-15 14:16:07.547 20019 20478 W SQLiteLog: (28) double-quoted string literal: "com.example.soma_ai_new"
07-15 14:16:07.554 11189 11231 I Rubin   : [56283] com.samsung.android.rubin.upload.util.runestonelog.RunestoneLogUtil.getAppVersion(Unknown Source) : com.example.soma_ai_new is not exist
07-15 14:16:07.684  2971  3523 I SettingsProvider: onPackageRemoved (userId 95) PackageName = com.example.soma_ai_new
07-15 14:16:07.692  2971  3523 I CredentialManager: updateProvidersWhenPackageRemoved)pkg=com.example.soma_ai_new (95)
07-15 14:16:07.717  2971  6545 I Telecom : SamsungTelecomServiceImpl : clearAccounts - packageName : com.example.soma_ai_new / callingPid : 20541 / processName : sts / callingUser : UserHandle{95}
07-15 14:16:07.871 20019 20507 E WorkSourceUtil: Could not find package: com.example.soma_ai_new
07-15 14:16:07.923 20585 20585 D PersistedStoragePackageUninstalledReceiver: Received android.intent.action.PACKAGE_FULLY_REMOVED for com.example.soma_ai_new for u95
07-15 14:16:07.961 20019 20509 I Icing   : doRemovePackageData com.example.soma_ai_new
07-15 14:16:08.036  4883 11583 I TileConfigurationStore: updatePackageDataChange : com.example.soma_ai_new, type = 2, tileType = 1
07-15 14:16:08.038  4883 11583 I TileConfigurationStore: updatePackageDataChange : Complication Tile com.example.soma_ai_new, type = 2
07-15 14:16:08.038  4883 11583 I AppWidgetDataProvider:  updatePackageChangeData type  1 , pack type 2  ,  pkg com.example.soma_ai_new
07-15 14:16:08.043  2971  3523 I SettingsProvider: onPackageRemoved (userId 0) PackageName = com.example.soma_ai_new
07-15 14:16:08.044  2971  3523 I CredentialManager: updateProvidersWhenPackageRemoved)pkg=com.example.soma_ai_new (0)
07-15 14:16:08.351 20640 20671 I LockContentProvider: before profileData Id : 0, removePkg:com.example.soma_ai_new, enabledWidgetIdList:{}
07-15 14:16:08.538 20687 20687 I DWBh    : onPackageDeleted : com.example.soma_ai_new
07-15 14:16:08.661 20687 20755 I DWBa    : couldn't find com.example.soma_ai_new
07-15 14:16:10.973  2971  3523 I SGM:GameManager: PkgUpdateReceiver, onPackageRemoved(). pkgName=com.example.soma_ai_new, userId=0
07-15 14:16:10.973  2971  3523 W SGM:Util: isPkgInstalled(), com.example.soma_ai_new does not exist. 
07-15 14:16:10.973  2971  3523 D SGM:Util: isPkgInstalled(). pkgName=com.example.soma_ai_new, userId=0, installed=false
07-15 14:16:10.973  2971  3523 D SGM:GosNotifyThread: sendPackageMessage(), changeType=1, pkgName=com.example.soma_ai_new, userHandleId=0
07-15 14:16:11.245  5477  5477 I Finsky  : [2] VerifyApps: Install-time verification requested for package com.example.soma_ai_new, PackageManager id = 187, Verifier id = 03ad53a5-b162-4694-8a79-7fd4fa7fa59e
07-15 14:16:11.327  5477 18581 I Finsky  : [54481] VerifyApps: Anti-malware verification task started for package=com.example.soma_ai_new
07-15 14:16:11.387 21308 21322 I GOS:GameServiceReceiver:  PkgInstallStarted for com.example.soma_ai_new UserID : 0
07-15 14:16:11.497 21308 21332 W GOS:PackageUtil: isPackageInstalledAsUser(). Exception: android.content.pm.PackageManager$NameNotFoundException: com.example.soma_ai_new
07-15 14:16:11.497 21308 21332 I GOS:GameIntentService: onPackageChanged(). extras: Bundle[{changeType=2, userId=0, type=15, packageName=com.example.soma_ai_new}]
07-15 14:16:11.497 21308 21332 I GOS:GameIntentService: onPackageChanged(). changeType(INSTALL_STARTED), pkgName(com.example.soma_ai_new), UserHandle(0), userId(0), Installed(false)
07-15 14:16:11.499 21308 21332 W GOS:PackageUtil: isPackageInstalledAsUser(). Exception: android.content.pm.PackageManager$NameNotFoundException: com.example.soma_ai_new
07-15 14:16:11.916  2971  3523 D MetaDataCollector: onReceive: done pkgName=com.example.soma_ai_new
07-15 14:16:12.013  2971  3523 D LauncherAppsService: Calling onPackageRemoved: com.example.soma_ai_new, EXTRA_REPLACING: false
07-15 14:16:12.014  2971  3523 D LauncherAppsService: Calling onPackageRemoved: com.example.soma_ai_new, listener: com.android.systemui(UserHandle{0}, 4883)
07-15 14:16:12.015  2971  3523 D LauncherAppsService: Calling onPackageRemoved: com.example.soma_ai_new, listener: com.google.android.as(UserHandle{0}, 20525)
07-15 14:16:12.015  4883  4931 D LauncherApps: onPackageRemoved 95,com.example.soma_ai_new
07-15 14:16:12.015  2971  3523 D LauncherAppsService: Calling onPackageRemoved: com.example.soma_ai_new, listener: com.sec.android.app.launcher(UserHandle{0}, 5342)
07-15 14:16:12.015  2971  3523 D LauncherAppsService: Calling onPackageRemoved: com.example.soma_ai_new, listener: android(UserHandle{0}, 2971)
07-15 14:16:12.015 20525 17459 D LauncherApps: onPackageRemoved 95,com.example.soma_ai_new
07-15 14:16:12.016  2971  3523 D LauncherApps: onPackageRemoved 95,com.example.soma_ai_new
07-15 14:16:12.016  2971  3523 D LauncherAppsService: Calling onPackageRemoved: com.example.soma_ai_new, EXTRA_REPLACING: false
07-15 14:16:12.016  2971  3523 D LauncherAppsService: Calling onPackageRemoved: com.example.soma_ai_new, listener: com.android.systemui(UserHandle{0}, 4883)
07-15 14:16:12.016  4883  4931 D LauncherApps: onPackageRemoved 0,com.example.soma_ai_new
07-15 14:16:12.016  2971  3523 D LauncherAppsService: Calling onPackageRemoved: com.example.soma_ai_new, listener: com.google.android.as(UserHandle{0}, 20525)
07-15 14:16:12.016  2971  3523 D LauncherAppsService: Calling onPackageRemoved: com.example.soma_ai_new, listener: com.sec.android.app.launcher(UserHandle{0}, 5342)
07-15 14:16:12.016 20525 17459 D LauncherApps: onPackageRemoved 0,com.example.soma_ai_new
07-15 14:16:12.016  2971  3523 D LauncherAppsService: Calling onPackageRemoved: com.example.soma_ai_new, listener: android(UserHandle{0}, 2971)
07-15 14:16:12.016  2971  3523 D LauncherApps: onPackageRemoved 0,com.example.soma_ai_new
07-15 14:16:12.016  5342  5342 I HoneySpace.PackageOperationTracker: onPackageRemoved - com.example.soma_ai_new UserHandle{95}
07-15 14:16:12.019  5342  5342 I HoneySpace.PackageChangedCallbackImpl: onPackageRemoved: com.example.soma_ai_new / UserHandle{95}
07-15 14:16:12.019  5342  5342 I HoneySpace.PackageOperationTracker: onPackageRemoved - com.example.soma_ai_new UserHandle{0}
07-15 14:16:12.019  5342  5342 I HoneySpace.PackageChangedCallbackImpl: onPackageRemoved: com.example.soma_ai_new / UserHandle{0}
07-15 14:16:12.025  5342 25819 I HoneySpace.IconCache: remove icon cache & DB : com.example.soma_ai_new UserHandle{95}
07-15 14:16:12.028  5342 25819 I HoneySpace.IconCache: removeSpecificIconDb: com.example.soma_ai_new UserHandle{95}
07-15 14:16:12.043  5342 25817 I HoneySpace.HoneySpacePackageSourceImpl: Package removed : com.example.soma_ai_new
07-15 14:16:12.043  5342 25903 I SearchableManager: removeDynamicSearchable: com.example.soma_ai_new
07-15 14:16:12.043  5342 25903 I SearchableManager: invalidate: com.example.soma_ai_new
07-15 14:16:12.044  5342 25819 I HoneySpace.IconCache: remove icon cache & DB : com.example.soma_ai_new UserHandle{0}
07-15 14:16:12.044  5342  5342 I HoneySpace.HoneySpaceManagerContainer: refreshHoneyPlugin, packageName: com.example.soma_ai_new
07-15 14:16:12.044  5342 25819 I HoneySpace.IconCache: removeSpecificIconDb: com.example.soma_ai_new UserHandle{0}
07-15 14:16:12.049  5342 24769 I HoneySpace.HoneySpacePackageSourceImpl: Package removed : com.example.soma_ai_new
07-15 14:16:12.049  5342 24769 I SearchableManager: removeDynamicSearchable: com.example.soma_ai_new
07-15 14:16:12.049  5342 24769 I SearchableManager: invalidate: com.example.soma_ai_new
07-15 14:16:12.069  5342  5342 I HoneySpace.DataCache: deleteItem : id=142735, title=SOMA AI NEW, type=APP, containerType=ITEM_GROUP, containerId=16, x=-1, y=-1, rank=29, spanX=-1, spanY=-1, scale=1.0component=com.example.soma_ai_new/.MainActivity, profileId=95, intent=null, restored=0, hidden=UNHIDDEN, appWidgetId=-1, options=0, refPackageName=null (appList) package removed
07-15 14:16:12.071  5342  8397 I HoneySpace.DataCache: delete item : (appList) package removed - APP / 142735 / SOMA AI NEW / com.example.soma_ai_new/.MainActivity / -1 / 95
07-15 14:16:12.071  5342  5342 I HoneySpace.DataCache: deleteItem : id=142734, title=SOMA AI NEW, type=APP, containerType=ITEM_GROUP, containerId=16, x=-1, y=-1, rank=28, spanX=-1, spanY=-1, scale=1.0component=com.example.soma_ai_new/.MainActivity, profileId=0, intent=null, restored=0, hidden=UNHIDDEN, appWidgetId=-1, options=0, refPackageName=null (appList) package removed
07-15 14:16:12.074  5342  5342 I HoneySpace.HoneySpaceManagerContainer: refreshHoneyPlugin, packageName: com.example.soma_ai_new
07-15 14:16:12.075  5342  8397 I HoneySpace.DataCache: delete item : (appList) package removed - APP / 142734 / SOMA AI NEW / com.example.soma_ai_new/.MainActivity / -1 / 0
07-15 14:16:12.480  5477  5593 I Finsky  : [53711] VerifyApps: Starting APK Analysis scan for com.example.soma_ai_new.
07-15 14:16:12.481  5477  5593 I Finsky  : [53711] Scanning package com.example.soma_ai_new contents with client side protections. File: [4QVZGw9jv1ZNTuxGSm7QcJmpenMGkiOcwGNj73Jz-Mo]
07-15 14:16:12.482  5477  5593 I Finsky  : [53711] VerifyApps: APK Analysis scan finished for com.example.soma_ai_new. Verdict: SAFE
07-15 14:16:12.853  5477 21545 I Finsky  : [54500] VerifyApps: Verification package=com.example.soma_ai_new, id=187, response=0, upload_requested=false, run_post_install=false
07-15 14:16:12.854  5477 21545 I Finsky  : [54500] VerifyApps: PAM result saving to datastore delayed for package: com.example.soma_ai_new
07-15 14:16:12.858  5477  5477 I Finsky  : [2] VerifyApps: Install-time verification complete: id=187, package_name=com.example.soma_ai_new
07-15 14:16:12.860  2971  4353 I PackageManager:           pkg{com.example.soma_ai_new}
07-15 14:16:12.885  2971  3624 D PersonaServiceHelper: in trim for persona 95 setting false null com.example.soma_ai_new
07-15 14:16:12.886  2971  3624 D PersonaServiceHelper: in trim for persona 150 setting false null com.example.soma_ai_new
07-15 14:16:12.925  2971  3624 D PermissionService: setAllowlistedRestrictedPermissionsUnchecked called for package - com.example.soma_ai_new
07-15 14:16:12.925  2971  3624 D PermissionService: updateAdminPermissionsInternalcom.example.soma_ai_new
07-15 14:16:12.925  2971  3624 D PermissionService: setAllowlistedRestrictedPermissionsUnchecked called for package - com.example.soma_ai_new
07-15 14:16:12.925  2971  3624 D PermissionService: updateAdminPermissionsInternalcom.example.soma_ai_new
07-15 14:16:12.925  2971  3624 D PermissionService: setAllowlistedRestrictedPermissionsUnchecked called for package - com.example.soma_ai_new
07-15 14:16:12.925  2971  3624 D PermissionService: updateAdminPermissionsInternalcom.example.soma_ai_new
07-15 14:16:13.054  2971  3624 I BackupManagerService: [UserID:0] restoreAtInstall pkg=com.example.soma_ai_new token=ba restoreSet=0
07-15 14:16:13.055  2971  3624 D PackageManager: isLocaleOptimizedPackage() -  Non optimized app: com.example.soma_ai_new. Proceed with normal install
07-15 14:16:13.086  5125  5125 D CarrierSvcBindHelper: onPackageAdded: com.example.soma_ai_new
07-15 14:16:13.087  4883  5027 D PluginActionManager: queryPkg com.example.soma_ai_new com.android.systemui.action.PLUGIN_SENSOR_MANAGER
07-15 14:16:13.089  4883  5027 D PluginActionManager: queryPkg com.example.soma_ai_new com.android.systemui.action.PLUGIN_NOTIFICATION_MENU_ROW
07-15 14:16:13.091  4883  5027 D PluginActionManager: queryPkg com.example.soma_ai_new com.android.systemui.action.PLUGIN_TOAST
07-15 14:16:13.092  2971  4714 D ShortcutService: adding package: com.example.soma_ai_new userId0
07-15 14:16:13.093  4883  5027 D PluginActionManager: queryPkg com.example.soma_ai_new com.android.systemui.action.PLUGIN_VOLUME
07-15 14:16:13.093  4883  4883 I GoodLockLifecycle: onPackageAdded: com.example.soma_ai_new
07-15 14:16:13.094  5125  6261 D ImsResolver: maybeAddedImsService, packageName: com.example.soma_ai_new
07-15 14:16:13.094  4883  5027 D PluginActionManager: queryPkg com.example.soma_ai_new com.android.systemui.action.PLUGIN_GLOBAL_ACTIONS
07-15 14:16:13.095  2971  4760 D SGM:GameManager: identifyGamePackage. com.example.soma_ai_new, mCurrentUserId: 0, callerUserId: 0, callingMethodInfo: com.samsung.android.game.SemGameManager.isGamePackage(SemGameManager.java:105)
07-15 14:16:13.095  2971  4760 D SGM:SemGameManager: isGamePackage(), pkgName=com.example.soma_ai_new, ret=false
07-15 14:16:13.095  4883  5027 D PluginActionManager: queryPkg com.example.soma_ai_new com.android.systemui.action.PLUGIN_CLOCK_PROVIDER
07-15 14:16:13.095  4883  5027 D PluginActionManager: queryPkg com.example.soma_ai_new com.android.systemui.action.PLUGIN_OVERLAY
07-15 14:16:13.096  2971  2971 I DomainFilter: packageAdded() - packageName: com.example.soma_ai_new, uid: 0
07-15 14:16:13.097  2971  2971 D DualDARComnService: reConnectAgentsByPkgName:: package: com.example.soma_ai_new
07-15 14:16:13.098  4883  5027 D PluginActionManager: queryPkg com.example.soma_ai_new com.android.systemui.action.PLUGIN_NOTIFICATION_ASSISTANT
07-15 14:16:13.098  5125  5125 I VvmPkgInstalledRcvr: packageName: com.example.soma_ai_new, systemDialer: com.samsung.android.dialer
07-15 14:16:13.099  4883  5027 D PluginActionManager: queryPkg com.example.soma_ai_new com.android.systemui.action.PEOPLE_HUB_PERSON_EXTRACTOR
07-15 14:16:13.101  2971  2971 I Telecom : SamsungOpenCommunicationPlatformPolicyPackageBroadcastReceiver : action : android.intent.action.PACKAGE_ADDED / packageName : com.example.soma_ai_new
07-15 14:16:13.101  4883  5027 D PluginActionManager: queryPkg com.example.soma_ai_new com.samsung.systemui.action.PLUGIN_FACE_WIDGET
07-15 14:16:13.101  4883  5027 D PluginActionManager: queryPkg com.example.soma_ai_new com.android.systemui.action.PLUGIN_NOTIFICATION_MENU_ROW
07-15 14:16:13.102  2971  6114 I Telecom : SamsungOpenCommunicationPlatformPolicyPackageHandler : handleMessage : { when=-1ms what=0 obj=com.example.soma_ai_new target=com.samsung.server.telecom.advancedcall.ocp.policy.broadcast.SamsungOpenCommunicationPlatformPolicyPackageHandler }.what
07-15 14:16:13.103  4883  5027 D PluginActionManager: queryPkg com.example.soma_ai_new com.android.systemui.action.PLUGIN_QS
07-15 14:16:13.103  4883  5027 D PluginActionManager: queryPkg com.example.soma_ai_new com.android.systemui.action.PLUGIN_QS_FACTORY
07-15 14:16:13.104  2971  4884 D SGM:GameManager: identifyGamePackage. com.example.soma_ai_new, mCurrentUserId: 0, callerUserId: 0, callingMethodInfo: com.samsung.android.game.SemGameManager.isGamePackage(SemGameManager.java:105)
07-15 14:16:13.104  2971  4884 D SGM:SemGameManager: isGamePackage(), pkgName=com.example.soma_ai_new, ret=false
07-15 14:16:13.104  2971  4884 I Pageboost: appinfo : com.example.soma_ai_new 0 0 0 0
07-15 14:16:13.108  5579  5708 I PackageInfoManager_FLP: action : ACTION_PACKAGE_ADDED, packageName = com.example.soma_ai_new
07-15 14:16:13.110  2971  4884 D SGM:GameManager: identifyGamePackage. com.example.soma_ai_new, mCurrentUserId: 0, callerUserId: 0, callingMethodInfo: com.samsung.android.game.SemGameManager.isGamePackage(SemGameManager.java:105)
07-15 14:16:13.110  2971  4884 D SGM:SemGameManager: isGamePackage(), pkgName=com.example.soma_ai_new, ret=false
07-15 14:16:13.110  2971  4884 I Pageboost: Reset this app info : com.example.soma_ai_new 
07-15 14:16:13.112  2971  2971 D ApplicationPolicy: No updatable permission to DENY found for com.example.soma_ai_new(0)
07-15 14:16:13.114  2971  2971 D ApplicationPolicy: No updatable permission to GRANT found for com.example.soma_ai_new(0)
07-15 14:16:13.120  2971  4699 I AppWidgetServiceImpl: Received broadcast: android.intent.action.PACKAGE_ADDED, Updates all providers with com.example.soma_ai_new, userId: 0
07-15 14:16:13.122  2971  4775 I SdkSandboxManager: No SDKs used. Skipping SDK data reconcilation for CallingInfo{mUid=10997, mPackageName='com.example.soma_ai_new, mAppProcessToken='null'}
07-15 14:16:13.122  2971  4775 I SdkSandboxManager: No SDKs used. Skipping SDK data reconcilation for CallingInfo{mUid=9510997, mPackageName='com.example.soma_ai_new, mAppProcessToken='null'}
07-15 14:16:13.123  2971  2971 I DomainFilter: packageAdded() - packageName: com.example.soma_ai_new, uid: 95
07-15 14:16:13.123  2971  4714 D ShortcutService: adding package: com.example.soma_ai_new userId95
07-15 14:16:13.124  4883  4984 D BluetoothEventManager: AppPackageChangedHandler: package name = com.example.soma_ai_new
07-15 14:16:13.124  2971  4672 D SGM:GameManager: identifyGamePackage. com.example.soma_ai_new, mCurrentUserId: 0, callerUserId: 0, callingMethodInfo: com.samsung.android.game.SemGameManager.isGamePackage(SemGameManager.java:105)
07-15 14:16:13.124  2971  2971 D DualDARComnService: reConnectAgentsByPkgName:: package: com.example.soma_ai_new
07-15 14:16:13.124  2971  4672 D SGM:SemGameManager: isGamePackage(), pkgName=com.example.soma_ai_new, ret=false
07-15 14:16:13.125  2971  2971 I Telecom : SamsungOpenCommunicationPlatformPolicyPackageBroadcastReceiver : action : android.intent.action.PACKAGE_ADDED / packageName : com.example.soma_ai_new
07-15 14:16:13.125  2971  4699 I AppWidgetServiceImpl: Received broadcast: android.intent.action.PACKAGE_ADDED, Updates all providers with com.example.soma_ai_new, userId: 95
07-15 14:16:13.125  5125  5125 D CarrierSvcBindHelper: onPackageAdded: com.example.soma_ai_new
07-15 14:16:13.126  2971  6114 I Telecom : SamsungOpenCommunicationPlatformPolicyPackageHandler : handleMessage : { when=-1ms what=0 obj=com.example.soma_ai_new target=com.samsung.server.telecom.advancedcall.ocp.policy.broadcast.SamsungOpenCommunicationPlatformPolicyPackageHandler }.what
07-15 14:16:13.126  5125  6261 D ImsResolver: maybeAddedImsService, packageName: com.example.soma_ai_new
07-15 14:16:13.129  2971  4361 D OverlayManager: reconcileSettingsForPackage pkgName=com.example.soma_ai_new userId=0
07-15 14:16:13.129  2971  4361 I OverlayManager: updateOverlaysForTarget() called with: targetPackage = [com.example.soma_ai_new], userId = [0], flags = [0]
07-15 14:16:13.138  4883  4984 D BluetoothEventManager: AppPackageChangedHandler: package name = com.example.soma_ai_new
07-15 14:16:13.139  2971  4672 D SGM:GameManager: identifyGamePackage. com.example.soma_ai_new, mCurrentUserId: 0, callerUserId: 0, callingMethodInfo: com.samsung.android.game.SemGameManager.isGamePackage(SemGameManager.java:105)
07-15 14:16:13.139  2971  4672 D SGM:SemGameManager: isGamePackage(), pkgName=com.example.soma_ai_new, ret=false
07-15 14:16:13.153  5477  5477 I Finsky  : [2] AIM: AppInfoCacheUpdater -> invalidating apps: [com.example.soma_ai_new]
07-15 14:16:13.155  5477  5598 I Finsky  : [53715] AIM: AppInfoManager-Perf > OnDeviceAppInfo > cacheHitCount=0, cacheMissCount=1. Missed  in cache (limit 10) : [com.example.soma_ai_new]
07-15 14:16:13.164  5477  5593 I Finsky  : [53711] AIM: AppInfoManager-Perf > OnDeviceAppInfo > cacheHitCount=0, cacheMissCount=1. Missed  in cache (limit 10) : [com.example.soma_ai_new]
07-15 14:16:13.168 17428 17428 I SafetyLabelChangedBroadcastReceiver: received broadcast packageName: com.example.soma_ai_new, current user: UserHandle{0}, packageChangeEvent: NEW_INSTALL, intent user: UserHandle{0}
07-15 14:16:13.180  2971  4361 D OverlayManager: -> Updating overlay: target=com.example.soma_ai_new overlays=[OverlayPaths { resourceDirs = [], overlayPaths = [] }] userId=0
07-15 14:16:13.180  2971  4361 D OverlayManager: reconcileSettingsForPackage pkgName=com.example.soma_ai_new userId=95
07-15 14:16:13.180  2971  4361 I OverlayManager: updateOverlaysForTarget() called with: targetPackage = [com.example.soma_ai_new], userId = [95], flags = [0]
07-15 14:16:13.182  2971  4884 I Pageboost: add app to global @ runtime: com.example.soma_ai_new
07-15 14:16:13.185  2971  4361 D OverlayManager: -> Updating overlay: target=com.example.soma_ai_new overlays=[OverlayPaths { resourceDirs = [], overlayPaths = [] }] userId=95
07-15 14:16:13.205  2971  3523 I SGM:GameManager: PkgUpdateReceiver, onPackageAdded : com.example.soma_ai_new userHandle : UserHandle{0} userId : 0
07-15 14:16:13.205  2971  3523 D SGM:GosNotifyThread: sendPackageMessage(), changeType=0, pkgName=com.example.soma_ai_new, userHandleId=0
07-15 14:16:13.206  2971  4439 D SGM:GosNotifyThread: notifyPackageChangedToGos(), before send intent to GOS. type:15, changeType: 0, pkgName:com.example.soma_ai_new, userHandleId:0
07-15 14:16:13.206  2971  4439 D SGM:PmAppCategoryManager: getManifestCategory(), manifestCategory=-1, packageName=com.example.soma_ai_new
07-15 14:16:13.207  2971  4439 D SGM:PmAppCategoryManager: getCategoryOverride(), categoryOverride=-1, packageName=com.example.soma_ai_new
07-15 14:16:13.207  2971  4439 I SGM:GosNotifyThread: notifyPackageChangedToGos(), category from pm: com.example.soma_ai_new, [-1/-1]
07-15 14:16:13.215  2971  3588 D MARsPolicyManager: new Package : com.example.soma_ai_new, SCPMTarget : false
07-15 14:16:13.215  2971  3588 D MARsPolicyManager: new Package : com.example.soma_ai_new, SCPMTarget : false
07-15 14:16:13.235  9293 20408 I ProximityAuth: [RecentAppsMediator] Package added: (user=UserHandle{0}) com.example.soma_ai_new
07-15 14:16:13.243 20261 20261 I artd    : Dex parent of /data/app/~~Emn1mn8BJi3gCw_vUNlbXg==/com.example.soma_ai_new-A48V7HULdV-v1u2UTF1KDQ==/base.apk is not writable: Permission denied
07-15 14:16:13.243 20261 20261 I artd    : GetBestInfo checking odex in dalvik-cache (/data/dalvik-cache/arm64/data@app@~~Emn1mn8BJi3gCw_vUNlbXg==@com.example.soma_ai_new-A48V7HULdV-v1u2UTF1KDQ==@base.apk@classes.dex)
07-15 14:16:13.243 20261 20261 I artd    : Loading /data/dalvik-cache/arm64/data@app@~~Emn1mn8BJi3gCw_vUNlbXg==@com.example.soma_ai_new-A48V7HULdV-v1u2UTF1KDQ==@base.apk@classes.dex with executable: 0
07-15 14:16:13.244 20261 20261 I artd    : OatFileAssistant test for existing oat file /data/dalvik-cache/arm64/data@app@~~Emn1mn8BJi3gCw_vUNlbXg==@com.example.soma_ai_new-A48V7HULdV-v1u2UTF1KDQ==@base.apk@classes.dex: File /data/dalvik-cache/arm64/data@app@~~Emn1mn8BJi3gCw_vUNlbXg==@com.example.soma_ai_new-A48V7HULdV-v1u2UTF1KDQ==@base.apk@classes.vdex does not exist.
07-15 14:16:13.244 20261 20261 I artd    : GetBestInfo checking odex next to the dex file (/data/app/~~Emn1mn8BJi3gCw_vUNlbXg==/com.example.soma_ai_new-A48V7HULdV-v1u2UTF1KDQ==/oat/arm64/base.odex)
07-15 14:16:13.244 20261 20261 I artd    : Loading /data/app/~~Emn1mn8BJi3gCw_vUNlbXg==/com.example.soma_ai_new-A48V7HULdV-v1u2UTF1KDQ==/oat/arm64/base.odex with executable: 0
07-15 14:16:13.244 20261 20261 I artd    : OatFileAssistant test for existing oat file /data/app/~~Emn1mn8BJi3gCw_vUNlbXg==/com.example.soma_ai_new-A48V7HULdV-v1u2UTF1KDQ==/oat/arm64/base.odex: File /data/app/~~Emn1mn8BJi3gCw_vUNlbXg==/com.example.soma_ai_new-A48V7HULdV-v1u2UTF1KDQ==/oat/arm64/base.vdex does not exist.
07-15 14:16:13.244 20261 20261 I artd    : GetBestInfo checking vdex in dalvik-cache (/data/dalvik-cache/arm64/data@app@~~Emn1mn8BJi3gCw_vUNlbXg==@com.example.soma_ai_new-A48V7HULdV-v1u2UTF1KDQ==@base.apk@classes.vdex)
07-15 14:16:13.244 20261 20261 I artd    : unable to open vdex file /data/dalvik-cache/arm64/data@app@~~Emn1mn8BJi3gCw_vUNlbXg==@com.example.soma_ai_new-A48V7HULdV-v1u2UTF1KDQ==@base.apk@classes.vdex: File /data/dalvik-cache/arm64/data@app@~~Emn1mn8BJi3gCw_vUNlbXg==@com.example.soma_ai_new-A48V7HULdV-v1u2UTF1KDQ==@base.apk@classes.vdex does not exist.
07-15 14:16:13.244 20261 20261 I artd    : OatFileAssistant test for existing oat file /data/dalvik-cache/arm64/data@app@~~Emn1mn8BJi3gCw_vUNlbXg==@com.example.soma_ai_new-A48V7HULdV-v1u2UTF1KDQ==@base.apk@classes.vdex: File /data/dalvik-cache/arm64/data@app@~~Emn1mn8BJi3gCw_vUNlbXg==@com.example.soma_ai_new-A48V7HULdV-v1u2UTF1KDQ==@base.apk@classes.vdex does not exist.
07-15 14:16:13.244 20261 20261 I artd    : GetBestInfo checking vdex next to the dex file (/data/app/~~Emn1mn8BJi3gCw_vUNlbXg==/com.example.soma_ai_new-A48V7HULdV-v1u2UTF1KDQ==/oat/arm64/base.vdex)
07-15 14:16:13.244 20261 20261 I artd    : unable to open vdex file /data/app/~~Emn1mn8BJi3gCw_vUNlbXg==/com.example.soma_ai_new-A48V7HULdV-v1u2UTF1KDQ==/oat/arm64/base.vdex: File /data/app/~~Emn1mn8BJi3gCw_vUNlbXg==/com.example.soma_ai_new-A48V7HULdV-v1u2UTF1KDQ==/oat/arm64/base.vdex does not exist.
07-15 14:16:13.244 20261 20261 I artd    : OatFileAssistant test for existing oat file /data/app/~~Emn1mn8BJi3gCw_vUNlbXg==/com.example.soma_ai_new-A48V7HULdV-v1u2UTF1KDQ==/oat/arm64/base.vdex: File /data/app/~~Emn1mn8BJi3gCw_vUNlbXg==/com.example.soma_ai_new-A48V7HULdV-v1u2UTF1KDQ==/oat/arm64/base.vdex does not exist.
07-15 14:16:13.244 20261 20261 I artd    : GetBestInfo checking dm (/data/app/~~Emn1mn8BJi3gCw_vUNlbXg==/com.example.soma_ai_new-A48V7HULdV-v1u2UTF1KDQ==/base.dm)
07-15 14:16:13.244 20261 20261 W ziparchive: Unable to open '/data/app/~~Emn1mn8BJi3gCw_vUNlbXg==/com.example.soma_ai_new-A48V7HULdV-v1u2UTF1KDQ==/base.dm': No such file or directory
07-15 14:16:13.244 20261 20261 I artd    : OatFileAssistant test for existing oat file /data/app/~~Emn1mn8BJi3gCw_vUNlbXg==/com.example.soma_ai_new-A48V7HULdV-v1u2UTF1KDQ==/base.dm: I/O error
07-15 14:16:13.244 20261 20261 I artd    : GetBestInfo checking dm (/data/app/~~Emn1mn8BJi3gCw_vUNlbXg==/com.example.soma_ai_new-A48V7HULdV-v1u2UTF1KDQ==/base.dm)
07-15 14:16:13.244 20261 20261 W ziparchive: Unable to open '/data/app/~~Emn1mn8BJi3gCw_vUNlbXg==/com.example.soma_ai_new-A48V7HULdV-v1u2UTF1KDQ==/base.dm': No such file or directory
07-15 14:16:13.244 20261 20261 I artd    : OatFileAssistant test for existing oat file /data/app/~~Emn1mn8BJi3gCw_vUNlbXg==/com.example.soma_ai_new-A48V7HULdV-v1u2UTF1KDQ==/base.dm: I/O error
07-15 14:16:13.298 21308 21618 I GOS:GameIntentService: onHandleIntent. GameIntentService. type: 15, pkgName: com.example.soma_ai_new
07-15 14:16:13.387 21308 21618 I GOS:GameIntentService: onPackageChanged(). extras: Bundle[{changeType=0, manifestCategory=-1, userId=0, pkgName=com.example.soma_ai_new, type=15, packageName=com.example.soma_ai_new, categoryOverride=-1}]
07-15 14:16:13.388 21308 21618 I GOS:GameIntentService: onPackageChanged(). changeType(INSTALLED), pkgName(com.example.soma_ai_new), UserHandle(0), userId(0), Installed(true)
07-15 14:16:13.388 21308 21618 I GOS:GameIntentService: onPkgInstalled(), appInfoCategory: -1, packageName: com.example.soma_ai_new
07-15 14:16:13.389  2971  3523 D MetaDataCollector: onReceive: done pkgName=com.example.soma_ai_new
07-15 14:16:13.391 21308 21618 I GOS:FilteredPmAppCategoryGetter: getCategoryCode(). categoryCode:undefined, packageName:com.example.soma_ai_new
07-15 14:16:13.391 21308 21618 I GOS:SystemEventReactor: onPackageInstalled(). categoryByAppInfo=undefined, packageName=com.example.soma_ai_new
07-15 14:16:13.392  2971  3523 I SGM:GameManager: PkgUpdateReceiver, onPackageAdded : com.example.soma_ai_new userHandle : UserHandle{95} userId : 95
07-15 14:16:13.392  2971  3523 D SGM:GosNotifyThread: sendPackageMessage(), changeType=0, pkgName=com.example.soma_ai_new, userHandleId=95
07-15 14:16:13.392  2971  4439 D SGM:GosNotifyThread: notifyPackageChangedToGos(), before send intent to GOS. type:15, changeType: 0, pkgName:com.example.soma_ai_new, userHandleId:95
07-15 14:16:13.398  2971  3523 D MetaDataCollector: onReceive: done pkgName=com.example.soma_ai_new
07-15 14:16:13.405  2971  6516 D SGM:GameManager: setPackageConfigurations(). category=-1, pkgName=com.example.soma_ai_new
07-15 14:16:13.405  2971  6516 D SGM:GameManager: setPackageConfiguration(). configuration: packageName: com.example.soma_ai_new, performancePolicyForSsrm: null, optimalAspectRatio: 1.7777778, dynamicSurfaceScaling: 1.0, category: -1, categoryByUser: -1, fillBlackSurfaceOnMargins: false, userId: null
07-15 14:16:13.405  2971  6516 D SGM:GameManager: setPackageConfiguration(). pkgName=com.example.soma_ai_new
07-15 14:16:13.407  2971  6516 D SGM:Util: isPkgInstalled(). pkgName=com.example.soma_ai_new, userId=0, installed=true
07-15 14:16:13.407  2971  6516 W SGM:Util: isPkgInstalled(), com.example.soma_ai_new does not exist. 
07-15 14:16:13.407  2971  6516 D SGM:Util: isPkgInstalled(). pkgName=com.example.soma_ai_new, userId=150, installed=false
07-15 14:16:13.407  2971  6516 W SGM:GameManager: setPackageConfiguration(). the package is not installed. pkgName=com.example.soma_ai_new, userId=150
07-15 14:16:13.415  2971  3523 D LauncherAppsService: Calling onPackageAdded: com.example.soma_ai_new, uid: 10997
07-15 14:16:13.415  2971  3523 D LauncherAppsService: Calling onPackageAdded: com.example.soma_ai_new, listener: com.android.systemui(UserHandle{0}, 4883)
07-15 14:16:13.415  2971  3523 D LauncherAppsService: Calling onPackageAdded: com.example.soma_ai_new, listener: com.google.android.as(UserHandle{0}, 20525)
07-15 14:16:13.415  4883  4931 D LauncherApps: onPackageAdded 0,com.example.soma_ai_new
07-15 14:16:13.415  2971  3523 D LauncherAppsService: Calling onPackageAdded: com.example.soma_ai_new, listener: com.sec.android.app.launcher(UserHandle{0}, 5342)
07-15 14:16:13.415 20525 17459 D LauncherApps: onPackageAdded 0,com.example.soma_ai_new
07-15 14:16:13.416  2971  3523 D LauncherAppsService: Calling onPackageAdded: com.example.soma_ai_new, listener: android(UserHandle{0}, 2971)
07-15 14:16:13.416  2971  3523 D LauncherApps: onPackageAdded 0,com.example.soma_ai_new
07-15 14:16:13.416  5342  5342 I HoneySpace.PackageOperationTracker: onPackageAdded - com.example.soma_ai_new UserHandle{0}
07-15 14:16:13.418  5342  5342 I HoneySpace.PackageChangedCallbackImpl: onPackageAdded: com.example.soma_ai_new / UserHandle{0}
07-15 14:16:13.427  5342 24296 I HoneySpace.PackageSourceImpl: addActivityToList [ADD] : com.example.soma_ai_new/.MainActivity#UserHandle{0}
07-15 14:16:13.429  5342 25817 I HoneySpace.HoneySpacePackageSourceImpl: Package added : com.example.soma_ai_new
07-15 14:16:13.429  5342  5342 I HoneySpace.WorkspaceViewModel: Package added : com.example.soma_ai_new/.MainActivity#UserHandle{0}
07-15 14:16:13.432  5342  5342 I HoneySpace.CustomApplist.PackageEventHandler: Package added : com.example.soma_ai_new/.MainActivity#UserHandle{0}
07-15 14:16:13.441  2971  3523 D LauncherAppsService: Calling onPackageAdded: com.example.soma_ai_new, uid: 9510997
07-15 14:16:13.441  2971  3523 D LauncherAppsService: Calling onPackageAdded: com.example.soma_ai_new, listener: com.android.systemui(UserHandle{0}, 4883)
07-15 14:16:13.441  2971  3523 D LauncherAppsService: Calling onPackageAdded: com.example.soma_ai_new, listener: com.google.android.as(UserHandle{0}, 20525)
07-15 14:16:13.441  4883  4931 D LauncherApps: onPackageAdded 95,com.example.soma_ai_new
07-15 14:16:13.441  2971  3523 D LauncherAppsService: Calling onPackageAdded: com.example.soma_ai_new, listener: com.sec.android.app.launcher(UserHandle{0}, 5342)
07-15 14:16:13.441 20525 17459 D LauncherApps: onPackageAdded 95,com.example.soma_ai_new
07-15 14:16:13.442  2971  3523 D LauncherAppsService: Calling onPackageAdded: com.example.soma_ai_new, listener: android(UserHandle{0}, 2971)
07-15 14:16:13.442  2971  3523 D LauncherApps: onPackageAdded 95,com.example.soma_ai_new
07-15 14:16:13.446  5342  5342 I HoneySpace.PackageOperationTracker: onPackageAdded - com.example.soma_ai_new UserHandle{95}
07-15 14:16:13.447  5342  5342 I HoneySpace.PackageChangedCallbackImpl: onPackageAdded: com.example.soma_ai_new / UserHandle{95}
07-15 14:16:13.447  5342 19339 I HoneySpace.PackageSourceImpl: addActivityToList [ADD] : com.example.soma_ai_new/.MainActivity#UserHandle{95}
07-15 14:16:13.448  5342 25817 I HoneySpace.HoneySpacePackageSourceImpl: Package added : com.example.soma_ai_new
07-15 14:16:13.448  5342  5342 I HoneySpace.WorkspaceViewModel: Package added : com.example.soma_ai_new/.MainActivity#UserHandle{95}
07-15 14:16:13.449 21589 21589 I SafetyLabelChangedBroadcastReceiver: received broadcast packageName: com.example.soma_ai_new, current user: UserHandle{95}, packageChangeEvent: NEW_INSTALL, intent user: UserHandle{95}
07-15 14:16:13.452 17428 17428 I SafetyLabelChangedBroadcastReceiver: received broadcast packageName: com.example.soma_ai_new, current user: UserHandle{0}, packageChangeEvent: NEW_INSTALL, intent user: UserHandle{95}
07-15 14:16:13.454  5342 11518 I LauncherActivityInfo: packageName: com.example.soma_ai_new, useThemeIcon: false, height: 202, width: 202, density: 640
07-15 14:16:13.463  5342 19334 I HoneySpace.IconCache: add icon DB: [com.example.soma_ai_new/.MainActivity#UserHandle{0}] - IconAndLabel(icon=android.graphics.Bitmap@78d4100, label=SOMA AI NEW) | false | 640 | false |true
07-15 14:16:13.466  5342  5342 I HoneySpace.DataCache: insertItem : id=142768, title=SOMA AI NEW, type=APP, containerType=ITEM_GROUP, containerId=16, x=-1, y=-1, rank=28, spanX=-1, spanY=-1, scale=1.0component=com.example.soma_ai_new/.MainActivity, profileId=0, intent=null, restored=0, hidden=UNHIDDEN, appWidgetId=-1, options=0, refPackageName=null
07-15 14:16:13.471  5342  5342 I HoneySpace.CustomApplist.PackageEventHandler: Package added : com.example.soma_ai_new/.MainActivity#UserHandle{95}
07-15 14:16:13.497  5342 31356 I LauncherActivityInfo: packageName: com.example.soma_ai_new, useThemeIcon: false, height: 202, width: 202, density: 640
07-15 14:16:13.498  5342 25816 I HoneySpace.IconCache: add icon DB: [com.example.soma_ai_new/.MainActivity#UserHandle{95}] - IconAndLabel(icon=android.graphics.Bitmap@79a558a, label=SOMA AI NEW) | false | 640 | false |true
07-15 14:16:13.498  5342  5342 I HoneySpace.DataCache: insertItem : id=142769, title=SOMA AI NEW, type=APP, containerType=ITEM_GROUP, containerId=16, x=-1, y=-1, rank=29, spanX=-1, spanY=-1, scale=1.0component=com.example.soma_ai_new/.MainActivity, profileId=95, intent=null, restored=0, hidden=UNHIDDEN, appWidgetId=-1, options=0, refPackageName=null
07-15 14:16:13.580 19754 19754 I SCS@AiSearch user 0: (PackageBroadcastReceiver) packageName: com.example.soma_ai_new
07-15 14:16:13.580 19754 19754 I SCS@AiSearch user 0: (PackageBroadcastReceiver) Packages changed: com.example.soma_ai_new
07-15 14:16:13.580 19754 19754 I SCS@AiSearch user 0: (PackageBroadcastReceiver) packageName: com.example.soma_ai_new
07-15 14:16:13.580 19754 19754 I SCS@AiSearch user 0: (PackageBroadcastReceiver) Packages changed: com.example.soma_ai_new
07-15 14:16:13.607 21561 21561 I Routine@Core[4.8.02.21]: MetadataLoaderImpl: collectInBackground - packageName:com.example.soma_ai_new
07-15 14:16:13.608 21561 21561 I Routine@Core[4.8.02.21]: MetadataSyncBacklog: add: null + com.example.soma_ai_new
07-15 14:16:13.635 21634 21634 I FILP/PackageIntentReceiver: pkgName : com.example.soma_ai_new
07-15 14:16:13.642 19898 20371 I ProximityAuth: [RecentAppsMediator] Package added: (user=UserHandle{95}) com.example.soma_ai_new
07-15 14:16:13.835 21561 21561 I Routine@Core[4.8.02.21]: MetadataLoaderJobService: onStartJob: collectPackageInBG - com.example.soma_ai_new
07-15 14:16:13.837 21561 21561 I Routine@Core[4.8.02.21]: MetadataLoaderJobService: packageName : com.example.soma_ai_new, forced : true
07-15 14:16:13.845 21561 21728 I Routine@Core[4.8.02.21]: MetadataLoadManager: collect: com.example.soma_ai_new
07-15 14:16:13.845 21561 21728 I Routine@Core[4.8.02.21]: MetadataLoadManager: collectWithCollectors - Collect Start! package = com.example.soma_ai_new
07-15 14:16:13.847 21561 21728 I Routine@Core[4.8.02.21]: WatchMetaDataCollector: collect - packageName :com.example.soma_ai_new
07-15 14:16:13.849  5342 23051 I SearchEngineAppSuggestion: package added: com.example.soma_ai_new
07-15 14:16:13.856  5342 23051 I HoneySpace.SuggestAppDecor: getInstaller: com.example.soma_ai_new [null]
07-15 14:16:13.986 21561 21728 I Routine@Core[4.8.02.21]: MetadataLoadManager: doPostCollectionTasks - packageName:com.example.soma_ai_new
07-15 14:16:14.073 21561 21561 I Routine@Core[4.8.02.21]: MetadataLoaderJobService: metadataLoadingCompleted: collectPackageInBG - com.example.soma_ai_new
07-15 14:16:14.094  4883 11583 I TileConfigurationStore: updatePackageDataChange : com.example.soma_ai_new, type = 1, tileType = 1
07-15 14:16:14.431  5342 21635 I SearchableManager: invalidate: com.example.soma_ai_new
07-15 14:16:14.449  5342 21636 I SearchableManager: invalidate: com.example.soma_ai_new
07-15 14:16:14.604  4883 11583 E AppWidgetSupplier: Couldn't find any provider services packageName=com.example.soma_ai_new
07-15 14:16:14.604  4883 11583 I TileConfigurationStore: updatePackageDataChange : Complication Tile com.example.soma_ai_new, type = 1
07-15 14:16:14.604  4883 11583 I AppWidgetDataProvider:  updatePackageChangeData type  1 , pack type 1  ,  pkg com.example.soma_ai_new
07-15 14:16:16.392 19754 19848 I AppClassifier: Category not present in BloomFilter, Checking in Manifest:- com.example.soma_ai_new
07-15 14:16:16.396 19754 19848 I AppClassifier: Category not found in BF and Manifest for pkg :- com.example.soma_ai_new
07-15 14:16:16.408 19754 19848 I AppClassifier: Category not present in BloomFilter, Checking in Manifest:- com.example.soma_ai_new
07-15 14:16:16.409 19754 19848 I AppClassifier: Category not found in BF and Manifest for pkg :- com.example.soma_ai_new
07-15 14:16:16.435 19754 19848 I SCS@AiSearch user 0: (IndexManager) [UPDATE] index=com.samsung.android.apps, size=2, documents=[com.example.soma_ai_new@95@com.example.soma_ai_new.MainActivity, com.example.soma_ai_new@0@com.example.soma_ai_new.MainActivity]
07-15 14:16:16.604 19754 19767 W ung.android.scs: ApkAssets: Deleting an ApkAssets object '<empty> and /data/app/~~Emn1mn8BJi3gCw_vUNlbXg==/com.example.soma_ai_new-A48V7HULdV-v1u2UTF1KDQ==/base.apk' with 1 weak references
07-15 14:16:17.119 21786 21786 W Monkey  : args: [-p, com.example.soma_ai_new, -c, android.intent.category.LAUNCHER, 1]
07-15 14:16:17.119 21786 21786 W Monkey  :  arg: "com.example.soma_ai_new"
07-15 14:16:17.119 21786 21786 W Monkey  : data="com.example.soma_ai_new"
07-15 14:16:17.178  2971  6350 I Pageboost: onAppLaunch : com.example.soma_ai_new
07-15 14:16:17.179  2971  4884 I Pageboost: Record App IO : com.example.soma_ai_new pid 0
07-15 14:16:17.187  2971  6350 V WindowManager: Collecting in transition 14208: ActivityRecord{c9a9466 u0 com.example.soma_ai_new/.MainActivity, caller=com.android.server.wm.TransitionController.collect:7 com.android.server.wm.ActivityStarter.startActivityUnchecked:626 com.android.server.wm.ActivityStarter.executeRequest:3361 com.android.server.wm.ActivityStarter.execute:1122 com.android.server.wm.ActivityTaskManagerService.startActivityAsUser:88 
